Archive member included to satisfy reference by file (symbol)

../libopencm3/lib/libopencm3_stm32f4.a(vector.o)
                              (reset_handler)

Discarded input sections

 .group         0x00000000        0xc src/bootloader.o
 .group         0x00000000        0xc src/bootloader.o
 .group         0x00000000        0xc src/bootloader.o
 .group         0x00000000        0xc src/bootloader.o
 .group         0x00000000        0xc src/bootloader.o
 .text          0x00000000        0x0 src/bootloader.o
 .data          0x00000000        0x0 src/bootloader.o
 .bss           0x00000000        0x0 src/bootloader.o
 .group         0x00000000        0xc ../libopencm3/lib/libopencm3_stm32f4.a(vector.o)
 .group         0x00000000        0xc ../libopencm3/lib/libopencm3_stm32f4.a(vector.o)
 .group         0x00000000        0xc ../libopencm3/lib/libopencm3_stm32f4.a(vector.o)
 .group         0x00000000        0xc ../libopencm3/lib/libopencm3_stm32f4.a(vector.o)
 .group         0x00000000        0xc ../libopencm3/lib/libopencm3_stm32f4.a(vector.o)
 .group         0x00000000        0xc ../libopencm3/lib/libopencm3_stm32f4.a(vector.o)
 .group         0x00000000        0xc ../libopencm3/lib/libopencm3_stm32f4.a(vector.o)
 .group         0x00000000        0xc ../libopencm3/lib/libopencm3_stm32f4.a(vector.o)
 .group         0x00000000        0xc ../libopencm3/lib/libopencm3_stm32f4.a(vector.o)
 .group         0x00000000        0xc ../libopencm3/lib/libopencm3_stm32f4.a(vector.o)
 .group         0x00000000        0xc ../libopencm3/lib/libopencm3_stm32f4.a(vector.o)
 .group         0x00000000        0xc ../libopencm3/lib/libopencm3_stm32f4.a(vector.o)
 .group         0x00000000        0xc ../libopencm3/lib/libopencm3_stm32f4.a(vector.o)
 .group         0x00000000        0xc ../libopencm3/lib/libopencm3_stm32f4.a(vector.o)
 .text          0x00000000        0x0 ../libopencm3/lib/libopencm3_stm32f4.a(vector.o)
 .data          0x00000000        0x0 ../libopencm3/lib/libopencm3_stm32f4.a(vector.o)
 .bss           0x00000000        0x0 ../libopencm3/lib/libopencm3_stm32f4.a(vector.o)
 .debug_macro   0x00000000       0x22 ../libopencm3/lib/libopencm3_stm32f4.a(vector.o)

Memory Configuration

Name             Origin             Length             Attributes
rom              0x08000000         0x00008000         xr
ram              0x20000000         0x00018000         xrw
*default*        0x00000000         0xffffffff

Linker script and memory map

LOAD src/bootloader.o
LOAD ../libopencm3/lib/libopencm3_stm32f4.a
START GROUP
LOAD /usr/lib/gcc/arm-none-eabi/13.2.1/../../../arm-none-eabi/lib/thumb/v7e-m+fp/hard/libc.a
LOAD /usr/lib/gcc/arm-none-eabi/13.2.1/thumb/v7e-m+fp/hard/libgcc.a
LOAD /usr/lib/gcc/arm-none-eabi/13.2.1/../../../arm-none-eabi/lib/thumb/v7e-m+fp/hard/libnosys.a
END GROUP
START GROUP
LOAD /usr/lib/gcc/arm-none-eabi/13.2.1/thumb/v7e-m+fp/hard/libgcc.a
LOAD /usr/lib/gcc/arm-none-eabi/13.2.1/../../../arm-none-eabi/lib/thumb/v7e-m+fp/hard/libg.a
LOAD /usr/lib/gcc/arm-none-eabi/13.2.1/../../../arm-none-eabi/lib/thumb/v7e-m+fp/hard/libc.a
END GROUP

.text           0x08000000      0x260
 *(.vectors)
 .vectors       0x08000000      0x1ac ../libopencm3/lib/libopencm3_stm32f4.a(vector.o)
                0x08000000                vector_table
 *(.text*)
 .text.startup.main
                0x080001ac       0x10 src/bootloader.o
                0x080001ac                main
 .text.blocking_handler
                0x080001bc        0x2 ../libopencm3/lib/libopencm3_stm32f4.a(vector.o)
                0x080001bc                dma2_stream1_isr
                0x080001bc                tim8_brk_tim12_isr
                0x080001bc                dma1_stream7_isr
                0x080001bc                usart3_isr
                0x080001bc                tim7_isr
                0x080001bc                dma2d_isr
                0x080001bc                uart8_isr
                0x080001bc                dma1_stream2_isr
                0x080001bc                otg_hs_isr
                0x080001bc                blocking_handler
                0x080001bc                tim5_isr
                0x080001bc                rtc_wkup_isr
                0x080001bc                otg_fs_isr
                0x080001bc                spi1_isr
                0x080001bc                i2c3_er_isr
                0x080001bc                exti2_isr
                0x080001bc                spi5_isr
                0x080001bc                usb_fs_wkup_isr
                0x080001bc                tamp_stamp_isr
                0x080001bc                can1_rx1_isr
                0x080001bc                dma2_stream0_isr
                0x080001bc                usart1_isr
                0x080001bc                i2c3_ev_isr
                0x080001bc                usage_fault_handler
                0x080001bc                can2_rx0_isr
                0x080001bc                dma1_stream6_isr
                0x080001bc                can2_rx1_isr
                0x080001bc                can1_sce_isr
                0x080001bc                tim1_cc_isr
                0x080001bc                can1_tx_isr
                0x080001bc                tim1_up_tim10_isr
                0x080001bc                sdio_isr
                0x080001bc                eth_isr
                0x080001bc                spi6_isr
                0x080001bc                dma2_stream5_isr
                0x080001bc                pvd_isr
                0x080001bc                can1_rx0_isr
                0x080001bc                rcc_isr
                0x080001bc                dma2_stream3_isr
                0x080001bc                flash_isr
                0x080001bc                uart4_isr
                0x080001bc                lcd_tft_isr
                0x080001bc                rtc_alarm_isr
                0x080001bc                exti15_10_isr
                0x080001bc                hash_rng_isr
                0x080001bc                tim1_trg_com_tim11_isr
                0x080001bc                hard_fault_handler
                0x080001bc                exti1_isr
                0x080001bc                i2c1_ev_isr
                0x080001bc                usart6_isr
                0x080001bc                spi2_isr
                0x080001bc                cryp_isr
                0x080001bc                nvic_wwdg_isr
                0x080001bc                dma1_stream1_isr
                0x080001bc                dma2_stream4_isr
                0x080001bc                exti3_isr
                0x080001bc                tim3_isr
                0x080001bc                usart2_isr
                0x080001bc                sai1_isr
                0x080001bc                fpu_isr
                0x080001bc                dma1_stream4_isr
                0x080001bc                i2c2_er_isr
                0x080001bc                i2c2_ev_isr
                0x080001bc                uart5_isr
                0x080001bc                dma2_stream6_isr
                0x080001bc                spi4_isr
                0x080001bc                adc_isr
                0x080001bc                dma2_stream7_isr
                0x080001bc                tim8_up_tim13_isr
                0x080001bc                fsmc_isr
                0x080001bc                exti4_isr
                0x080001bc                tim6_dac_isr
                0x080001bc                dma1_stream3_isr
                0x080001bc                tim8_trg_com_tim14_isr
                0x080001bc                mem_manage_handler
                0x080001bc                lcd_tft_err_isr
                0x080001bc                can2_tx_isr
                0x080001bc                exti9_5_isr
                0x080001bc                tim1_brk_tim9_isr
                0x080001bc                uart7_isr
                0x080001bc                can2_sce_isr
                0x080001bc                tim4_isr
                0x080001bc                otg_hs_wkup_isr
                0x080001bc                i2c1_er_isr
                0x080001bc                dma1_stream0_isr
                0x080001bc                tim8_cc_isr
                0x080001bc                dcmi_isr
                0x080001bc                dma2_stream2_isr
                0x080001bc                eth_wkup_isr
                0x080001bc                bus_fault_handler
                0x080001bc                otg_hs_ep1_out_isr
                0x080001bc                spi3_isr
                0x080001bc                dma1_stream5_isr
                0x080001bc                otg_hs_ep1_in_isr
                0x080001bc                tim2_isr
                0x080001bc                exti0_isr
 .text.null_handler
                0x080001be        0x2 ../libopencm3/lib/libopencm3_stm32f4.a(vector.o)
                0x080001be                null_handler
                0x080001be                sv_call_handler
                0x080001be                pend_sv_handler
                0x080001be                debug_monitor_handler
                0x080001be                sys_tick_handler
                0x080001be                nmi_handler
 .text.reset_handler
                0x080001c0       0xa0 ../libopencm3/lib/libopencm3_stm32f4.a(vector.o)
                0x080001c0                reset_handler
                0x08000260                        . = ALIGN (0x4)
 *(.rodata*)
                0x08000260                        . = ALIGN (0x4)

.glue_7         0x08000260        0x0
 .glue_7        0x08000260        0x0 linker stubs

.glue_7t        0x08000260        0x0
 .glue_7t       0x08000260        0x0 linker stubs

.vfp11_veneer   0x08000260        0x0
 .vfp11_veneer  0x08000260        0x0 linker stubs

.v4_bx          0x08000260        0x0
 .v4_bx         0x08000260        0x0 linker stubs

.iplt           0x08000260        0x0
 .iplt          0x08000260        0x0 ../libopencm3/lib/libopencm3_stm32f4.a(vector.o)

.rel.dyn        0x08000260        0x0
 .rel.iplt      0x08000260        0x0 ../libopencm3/lib/libopencm3_stm32f4.a(vector.o)

.preinit_array  0x08000260        0x0
                0x08000260                        . = ALIGN (0x4)
                0x08000260                        __preinit_array_start = .
 *(.preinit_array)
                0x08000260                        __preinit_array_end = .

.init_array     0x08000260        0x0
                0x08000260                        . = ALIGN (0x4)
                0x08000260                        __init_array_start = .
 *(SORT_BY_NAME(.init_array.*))
 *(.init_array)
                0x08000260                        __init_array_end = .

.fini_array     0x08000260        0x0
                0x08000260                        . = ALIGN (0x4)
                0x08000260                        __fini_array_start = .
 *(.fini_array)
 *(SORT_BY_NAME(.fini_array.*))
                0x08000260                        __fini_array_end = .

.ARM.extab
 *(.ARM.extab*)

.ARM.exidx      0x08000260        0x0
                0x08000260                        __exidx_start = .
 *(.ARM.exidx*)
                0x08000260                        __exidx_end = .
                0x08000260                        . = ALIGN (0x4)
                0x08000260                        _etext = .

.noinit
 *(.noinit*)
                0x08000260                        . = ALIGN (0x4)

.data           0x20000000        0x0 load address 0x08000260
                0x20000000                        _data = .
 *(.data*)
 *(.ramtext*)
                0x20000000                        . = ALIGN (0x4)
                0x20000000                        _edata = .
                0x08000260                        _data_loadaddr = LOADADDR (.data)

.igot.plt       0x20000000        0x0 load address 0x08000260
 .igot.plt      0x20000000        0x0 ../libopencm3/lib/libopencm3_stm32f4.a(vector.o)

.bss            0x20000000        0x0 load address 0x08000260
 *(.bss*)
 *(COMMON)
                0x20000000                        . = ALIGN (0x4)
                0x20000000                        _ebss = .

/DISCARD/
 *(.eh_frame)
                0x20000000                        . = ALIGN (0x4)
                0x20000000                        end = .
                0x20018000                        PROVIDE (_stack = (ORIGIN (ram) + LENGTH (ram)))
OUTPUT(bootloader.elf elf32-littlearm)
LOAD linker stubs

.debug_info     0x00000000      0x3f2
 .debug_info    0x00000000      0x119 src/bootloader.o
 .debug_info    0x00000119      0x2d9 ../libopencm3/lib/libopencm3_stm32f4.a(vector.o)

.debug_abbrev   0x00000000      0x21b
 .debug_abbrev  0x00000000       0xbc src/bootloader.o
 .debug_abbrev  0x000000bc      0x15f ../libopencm3/lib/libopencm3_stm32f4.a(vector.o)

.debug_loclists
                0x00000000       0xe0
 .debug_loclists
                0x00000000       0x2a src/bootloader.o
 .debug_loclists
                0x0000002a       0xb6 ../libopencm3/lib/libopencm3_stm32f4.a(vector.o)

.debug_aranges  0x00000000       0x50
 .debug_aranges
                0x00000000       0x20 src/bootloader.o
 .debug_aranges
                0x00000020       0x30 ../libopencm3/lib/libopencm3_stm32f4.a(vector.o)

.debug_rnglists
                0x00000000       0x3f
 .debug_rnglists
                0x00000000       0x1f src/bootloader.o
 .debug_rnglists
                0x0000001f       0x20 ../libopencm3/lib/libopencm3_stm32f4.a(vector.o)

.debug_macro    0x00000000     0x29a7
 .debug_macro   0x00000000       0x5b src/bootloader.o
 .debug_macro   0x0000005b      0xacc src/bootloader.o
 .debug_macro   0x00000b27      0x34e src/bootloader.o
 .debug_macro   0x00000e75       0x22 src/bootloader.o
 .debug_macro   0x00000e97       0x76 src/bootloader.o
 .debug_macro   0x00000f0d      0x280 src/bootloader.o
 .debug_macro   0x0000118d       0xd3 ../libopencm3/lib/libopencm3_stm32f4.a(vector.o)
 .debug_macro   0x00001260      0xacc ../libopencm3/lib/libopencm3_stm32f4.a(vector.o)
 .debug_macro   0x00001d2c       0x76 ../libopencm3/lib/libopencm3_stm32f4.a(vector.o)
 .debug_macro   0x00001da2       0x1c ../libopencm3/lib/libopencm3_stm32f4.a(vector.o)
 .debug_macro   0x00001dbe       0x22 ../libopencm3/lib/libopencm3_stm32f4.a(vector.o)
 .debug_macro   0x00001de0       0x56 ../libopencm3/lib/libopencm3_stm32f4.a(vector.o)
 .debug_macro   0x00001e36       0x51 ../libopencm3/lib/libopencm3_stm32f4.a(vector.o)
 .debug_macro   0x00001e87      0x103 ../libopencm3/lib/libopencm3_stm32f4.a(vector.o)
 .debug_macro   0x00001f8a       0x6a ../libopencm3/lib/libopencm3_stm32f4.a(vector.o)
 .debug_macro   0x00001ff4      0x1df ../libopencm3/lib/libopencm3_stm32f4.a(vector.o)
 .debug_macro   0x000021d3       0xe8 ../libopencm3/lib/libopencm3_stm32f4.a(vector.o)
 .debug_macro   0x000022bb      0x452 ../libopencm3/lib/libopencm3_stm32f4.a(vector.o)
 .debug_macro   0x0000270d       0x6e ../libopencm3/lib/libopencm3_stm32f4.a(vector.o)
 .debug_macro   0x0000277b      0x22c ../libopencm3/lib/libopencm3_stm32f4.a(vector.o)

.debug_line     0x00000000      0x5fe
 .debug_line    0x00000000      0x162 src/bootloader.o
 .debug_line    0x00000162      0x49c ../libopencm3/lib/libopencm3_stm32f4.a(vector.o)

.debug_str      0x00000000     0x8987
 .debug_str     0x00000000     0x8987 src/bootloader.o
                               0x4c21 (size before relaxing)
 .debug_str     0x00008987     0x6fc6 ../libopencm3/lib/libopencm3_stm32f4.a(vector.o)

.comment        0x00000000       0x6b
 .comment       0x00000000       0x6b src/bootloader.o
                                 0x27 (size before relaxing)
 .comment       0x0000006b       0x46 ../libopencm3/lib/libopencm3_stm32f4.a(vector.o)

.ARM.attributes
                0x00000000       0x34
 .ARM.attributes
                0x00000000       0x34 src/bootloader.o
 .ARM.attributes
                0x00000034       0x34 ../libopencm3/lib/libopencm3_stm32f4.a(vector.o)

.debug_frame    0x00000000       0x74
 .debug_frame   0x00000000       0x28 src/bootloader.o
 .debug_frame   0x00000028       0x4c ../libopencm3/lib/libopencm3_stm32f4.a(vector.o)

Cross Reference Table

Symbol                                            File
__fini_array_end                                  ../libopencm3/lib/libopencm3_stm32f4.a(vector.o)
__fini_array_start                                ../libopencm3/lib/libopencm3_stm32f4.a(vector.o)
__init_array_end                                  ../libopencm3/lib/libopencm3_stm32f4.a(vector.o)
__init_array_start                                ../libopencm3/lib/libopencm3_stm32f4.a(vector.o)
__preinit_array_end                               ../libopencm3/lib/libopencm3_stm32f4.a(vector.o)
__preinit_array_start                             ../libopencm3/lib/libopencm3_stm32f4.a(vector.o)
_data                                             ../libopencm3/lib/libopencm3_stm32f4.a(vector.o)
_data_loadaddr                                    ../libopencm3/lib/libopencm3_stm32f4.a(vector.o)
_ebss                                             ../libopencm3/lib/libopencm3_stm32f4.a(vector.o)
_edata                                            ../libopencm3/lib/libopencm3_stm32f4.a(vector.o)
_stack                                            ../libopencm3/lib/libopencm3_stm32f4.a(vector.o)
adc_isr                                           ../libopencm3/lib/libopencm3_stm32f4.a(vector.o)
blocking_handler                                  ../libopencm3/lib/libopencm3_stm32f4.a(vector.o)
bus_fault_handler                                 ../libopencm3/lib/libopencm3_stm32f4.a(vector.o)
can1_rx0_isr                                      ../libopencm3/lib/libopencm3_stm32f4.a(vector.o)
can1_rx1_isr                                      ../libopencm3/lib/libopencm3_stm32f4.a(vector.o)
can1_sce_isr                                      ../libopencm3/lib/libopencm3_stm32f4.a(vector.o)
can1_tx_isr                                       ../libopencm3/lib/libopencm3_stm32f4.a(vector.o)
can2_rx0_isr                                      ../libopencm3/lib/libopencm3_stm32f4.a(vector.o)
can2_rx1_isr                                      ../libopencm3/lib/libopencm3_stm32f4.a(vector.o)
can2_sce_isr                                      ../libopencm3/lib/libopencm3_stm32f4.a(vector.o)
can2_tx_isr                                       ../libopencm3/lib/libopencm3_stm32f4.a(vector.o)
cryp_isr                                          ../libopencm3/lib/libopencm3_stm32f4.a(vector.o)
dcmi_isr                                          ../libopencm3/lib/libopencm3_stm32f4.a(vector.o)
debug_monitor_handler                             ../libopencm3/lib/libopencm3_stm32f4.a(vector.o)
dma1_stream0_isr                                  ../libopencm3/lib/libopencm3_stm32f4.a(vector.o)
dma1_stream1_isr                                  ../libopencm3/lib/libopencm3_stm32f4.a(vector.o)
dma1_stream2_isr                                  ../libopencm3/lib/libopencm3_stm32f4.a(vector.o)
dma1_stream3_isr                                  ../libopencm3/lib/libopencm3_stm32f4.a(vector.o)
dma1_stream4_isr                                  ../libopencm3/lib/libopencm3_stm32f4.a(vector.o)
dma1_stream5_isr                                  ../libopencm3/lib/libopencm3_stm32f4.a(vector.o)
dma1_stream6_isr                                  ../libopencm3/lib/libopencm3_stm32f4.a(vector.o)
dma1_stream7_isr                                  ../libopencm3/lib/libopencm3_stm32f4.a(vector.o)
dma2_stream0_isr                                  ../libopencm3/lib/libopencm3_stm32f4.a(vector.o)
dma2_stream1_isr                                  ../libopencm3/lib/libopencm3_stm32f4.a(vector.o)
dma2_stream2_isr                                  ../libopencm3/lib/libopencm3_stm32f4.a(vector.o)
dma2_stream3_isr                                  ../libopencm3/lib/libopencm3_stm32f4.a(vector.o)
dma2_stream4_isr                                  ../libopencm3/lib/libopencm3_stm32f4.a(vector.o)
dma2_stream5_isr                                  ../libopencm3/lib/libopencm3_stm32f4.a(vector.o)
dma2_stream6_isr                                  ../libopencm3/lib/libopencm3_stm32f4.a(vector.o)
dma2_stream7_isr                                  ../libopencm3/lib/libopencm3_stm32f4.a(vector.o)
dma2d_isr                                         ../libopencm3/lib/libopencm3_stm32f4.a(vector.o)
eth_isr                                           ../libopencm3/lib/libopencm3_stm32f4.a(vector.o)
eth_wkup_isr                                      ../libopencm3/lib/libopencm3_stm32f4.a(vector.o)
exti0_isr                                         ../libopencm3/lib/libopencm3_stm32f4.a(vector.o)
exti15_10_isr                                     ../libopencm3/lib/libopencm3_stm32f4.a(vector.o)
exti1_isr                                         ../libopencm3/lib/libopencm3_stm32f4.a(vector.o)
exti2_isr                                         ../libopencm3/lib/libopencm3_stm32f4.a(vector.o)
exti3_isr                                         ../libopencm3/lib/libopencm3_stm32f4.a(vector.o)
exti4_isr                                         ../libopencm3/lib/libopencm3_stm32f4.a(vector.o)
exti9_5_isr                                       ../libopencm3/lib/libopencm3_stm32f4.a(vector.o)
flash_isr                                         ../libopencm3/lib/libopencm3_stm32f4.a(vector.o)
fpu_isr                                           ../libopencm3/lib/libopencm3_stm32f4.a(vector.o)
fsmc_isr                                          ../libopencm3/lib/libopencm3_stm32f4.a(vector.o)
hard_fault_handler                                ../libopencm3/lib/libopencm3_stm32f4.a(vector.o)
hash_rng_isr                                      ../libopencm3/lib/libopencm3_stm32f4.a(vector.o)
i2c1_er_isr                                       ../libopencm3/lib/libopencm3_stm32f4.a(vector.o)
i2c1_ev_isr                                       ../libopencm3/lib/libopencm3_stm32f4.a(vector.o)
i2c2_er_isr                                       ../libopencm3/lib/libopencm3_stm32f4.a(vector.o)
i2c2_ev_isr                                       ../libopencm3/lib/libopencm3_stm32f4.a(vector.o)
i2c3_er_isr                                       ../libopencm3/lib/libopencm3_stm32f4.a(vector.o)
i2c3_ev_isr                                       ../libopencm3/lib/libopencm3_stm32f4.a(vector.o)
lcd_tft_err_isr                                   ../libopencm3/lib/libopencm3_stm32f4.a(vector.o)
lcd_tft_isr                                       ../libopencm3/lib/libopencm3_stm32f4.a(vector.o)
main                                              src/bootloader.o
                                                  ../libopencm3/lib/libopencm3_stm32f4.a(vector.o)
mem_manage_handler                                ../libopencm3/lib/libopencm3_stm32f4.a(vector.o)
nmi_handler                                       ../libopencm3/lib/libopencm3_stm32f4.a(vector.o)
null_handler                                      ../libopencm3/lib/libopencm3_stm32f4.a(vector.o)
nvic_wwdg_isr                                     ../libopencm3/lib/libopencm3_stm32f4.a(vector.o)
otg_fs_isr                                        ../libopencm3/lib/libopencm3_stm32f4.a(vector.o)
otg_hs_ep1_in_isr                                 ../libopencm3/lib/libopencm3_stm32f4.a(vector.o)
otg_hs_ep1_out_isr                                ../libopencm3/lib/libopencm3_stm32f4.a(vector.o)
otg_hs_isr                                        ../libopencm3/lib/libopencm3_stm32f4.a(vector.o)
otg_hs_wkup_isr                                   ../libopencm3/lib/libopencm3_stm32f4.a(vector.o)
pend_sv_handler                                   ../libopencm3/lib/libopencm3_stm32f4.a(vector.o)
pvd_isr                                           ../libopencm3/lib/libopencm3_stm32f4.a(vector.o)
rcc_isr                                           ../libopencm3/lib/libopencm3_stm32f4.a(vector.o)
reset_handler                                     ../libopencm3/lib/libopencm3_stm32f4.a(vector.o)
rtc_alarm_isr                                     ../libopencm3/lib/libopencm3_stm32f4.a(vector.o)
rtc_wkup_isr                                      ../libopencm3/lib/libopencm3_stm32f4.a(vector.o)
sai1_isr                                          ../libopencm3/lib/libopencm3_stm32f4.a(vector.o)
sdio_isr                                          ../libopencm3/lib/libopencm3_stm32f4.a(vector.o)
spi1_isr                                          ../libopencm3/lib/libopencm3_stm32f4.a(vector.o)
spi2_isr                                          ../libopencm3/lib/libopencm3_stm32f4.a(vector.o)
spi3_isr                                          ../libopencm3/lib/libopencm3_stm32f4.a(vector.o)
spi4_isr                                          ../libopencm3/lib/libopencm3_stm32f4.a(vector.o)
spi5_isr                                          ../libopencm3/lib/libopencm3_stm32f4.a(vector.o)
spi6_isr                                          ../libopencm3/lib/libopencm3_stm32f4.a(vector.o)
sv_call_handler                                   ../libopencm3/lib/libopencm3_stm32f4.a(vector.o)
sys_tick_handler                                  ../libopencm3/lib/libopencm3_stm32f4.a(vector.o)
tamp_stamp_isr                                    ../libopencm3/lib/libopencm3_stm32f4.a(vector.o)
tim1_brk_tim9_isr                                 ../libopencm3/lib/libopencm3_stm32f4.a(vector.o)
tim1_cc_isr                                       ../libopencm3/lib/libopencm3_stm32f4.a(vector.o)
tim1_trg_com_tim11_isr                            ../libopencm3/lib/libopencm3_stm32f4.a(vector.o)
tim1_up_tim10_isr                                 ../libopencm3/lib/libopencm3_stm32f4.a(vector.o)
tim2_isr                                          ../libopencm3/lib/libopencm3_stm32f4.a(vector.o)
tim3_isr                                          ../libopencm3/lib/libopencm3_stm32f4.a(vector.o)
tim4_isr                                          ../libopencm3/lib/libopencm3_stm32f4.a(vector.o)
tim5_isr                                          ../libopencm3/lib/libopencm3_stm32f4.a(vector.o)
tim6_dac_isr                                      ../libopencm3/lib/libopencm3_stm32f4.a(vector.o)
tim7_isr                                          ../libopencm3/lib/libopencm3_stm32f4.a(vector.o)
tim8_brk_tim12_isr                                ../libopencm3/lib/libopencm3_stm32f4.a(vector.o)
tim8_cc_isr                                       ../libopencm3/lib/libopencm3_stm32f4.a(vector.o)
tim8_trg_com_tim14_isr                            ../libopencm3/lib/libopencm3_stm32f4.a(vector.o)
tim8_up_tim13_isr                                 ../libopencm3/lib/libopencm3_stm32f4.a(vector.o)
uart4_isr                                         ../libopencm3/lib/libopencm3_stm32f4.a(vector.o)
uart5_isr                                         ../libopencm3/lib/libopencm3_stm32f4.a(vector.o)
uart7_isr                                         ../libopencm3/lib/libopencm3_stm32f4.a(vector.o)
uart8_isr                                         ../libopencm3/lib/libopencm3_stm32f4.a(vector.o)
usage_fault_handler                               ../libopencm3/lib/libopencm3_stm32f4.a(vector.o)
usart1_isr                                        ../libopencm3/lib/libopencm3_stm32f4.a(vector.o)
usart2_isr                                        ../libopencm3/lib/libopencm3_stm32f4.a(vector.o)
usart3_isr                                        ../libopencm3/lib/libopencm3_stm32f4.a(vector.o)
usart6_isr                                        ../libopencm3/lib/libopencm3_stm32f4.a(vector.o)
usb_fs_wkup_isr                                   ../libopencm3/lib/libopencm3_stm32f4.a(vector.o)
vector_table                                      ../libopencm3/lib/libopencm3_stm32f4.a(vector.o)
