Archive member included to satisfy reference by file (symbol)

../libopencm3/lib/libopencm3_stm32f4.a(gpio_common_all.o)
                              src/firmware.o (gpio_toggle)
../libopencm3/lib/libopencm3_stm32f4.a(gpio_common_f0234.o)
                              src/firmware.o (gpio_mode_setup)
../libopencm3/lib/libopencm3_stm32f4.a(rcc_common_all.o)
                              src/firmware.o (rcc_periph_clock_enable)
../libopencm3/lib/libopencm3_stm32f4.a(rcc.o)
                              src/core/system.o (rcc_clock_setup_pll)
../libopencm3/lib/libopencm3_stm32f4.a(vector.o)
                              (reset_handler)
../libopencm3/lib/libopencm3_stm32f4.a(systick.o)
                              src/core/system.o (systick_set_frequency)
../libopencm3/lib/libopencm3_stm32f4.a(flash_common_all.o)
                              ../libopencm3/lib/libopencm3_stm32f4.a(rcc.o) (flash_set_ws)
../libopencm3/lib/libopencm3_stm32f4.a(flash_common_idcache.o)
                              ../libopencm3/lib/libopencm3_stm32f4.a(rcc.o) (flash_dcache_enable)
../libopencm3/lib/libopencm3_stm32f4.a(pwr.o)
                              ../libopencm3/lib/libopencm3_stm32f4.a(rcc.o) (pwr_set_vos_scale)

Discarded input sections

 .group         0x00000000        0xc src/firmware.o
 .group         0x00000000        0xc src/firmware.o
 .group         0x00000000        0xc src/firmware.o
 .group         0x00000000        0xc src/firmware.o
 .group         0x00000000        0xc src/firmware.o
 .group         0x00000000        0xc src/firmware.o
 .group         0x00000000        0xc src/firmware.o
 .group         0x00000000        0xc src/firmware.o
 .group         0x00000000        0xc src/firmware.o
 .group         0x00000000        0xc src/firmware.o
 .group         0x00000000        0xc src/firmware.o
 .group         0x00000000        0xc src/firmware.o
 .group         0x00000000        0xc src/firmware.o
 .group         0x00000000        0xc src/firmware.o
 .text          0x00000000        0x0 src/firmware.o
 .data          0x00000000        0x0 src/firmware.o
 .bss           0x00000000        0x0 src/firmware.o
 .group         0x00000000        0xc src/core/system.o
 .group         0x00000000        0xc src/core/system.o
 .group         0x00000000        0xc src/core/system.o
 .group         0x00000000        0xc src/core/system.o
 .group         0x00000000        0xc src/core/system.o
 .group         0x00000000        0xc src/core/system.o
 .group         0x00000000        0xc src/core/system.o
 .group         0x00000000        0xc src/core/system.o
 .group         0x00000000        0xc src/core/system.o
 .group         0x00000000        0xc src/core/system.o
 .group         0x00000000        0xc src/core/system.o
 .group         0x00000000        0xc src/core/system.o
 .group         0x00000000        0xc src/core/system.o
 .text          0x00000000        0x0 src/core/system.o
 .data          0x00000000        0x0 src/core/system.o
 .bss           0x00000000        0x0 src/core/system.o
 .debug_macro   0x00000000      0xacc src/core/system.o
 .debug_macro   0x00000000      0x34e src/core/system.o
 .debug_macro   0x00000000       0x22 src/core/system.o
 .debug_macro   0x00000000       0x10 src/core/system.o
 .debug_macro   0x00000000       0x76 src/core/system.o
 .debug_macro   0x00000000      0x280 src/core/system.o
 .debug_macro   0x00000000       0x8e src/core/system.o
 .debug_macro   0x00000000       0x46 src/core/system.o
 .debug_macro   0x00000000      0xcea src/core/system.o
 .group         0x00000000        0xc ../libopencm3/lib/libopencm3_stm32f4.a(gpio_common_all.o)
 .group         0x00000000        0xc ../libopencm3/lib/libopencm3_stm32f4.a(gpio_common_all.o)
 .group         0x00000000        0xc ../libopencm3/lib/libopencm3_stm32f4.a(gpio_common_all.o)
 .group         0x00000000        0xc ../libopencm3/lib/libopencm3_stm32f4.a(gpio_common_all.o)
 .group         0x00000000        0xc ../libopencm3/lib/libopencm3_stm32f4.a(gpio_common_all.o)
 .group         0x00000000        0xc ../libopencm3/lib/libopencm3_stm32f4.a(gpio_common_all.o)
 .group         0x00000000        0xc ../libopencm3/lib/libopencm3_stm32f4.a(gpio_common_all.o)
 .group         0x00000000        0xc ../libopencm3/lib/libopencm3_stm32f4.a(gpio_common_all.o)
 .group         0x00000000        0xc ../libopencm3/lib/libopencm3_stm32f4.a(gpio_common_all.o)
 .group         0x00000000        0xc ../libopencm3/lib/libopencm3_stm32f4.a(gpio_common_all.o)
 .group         0x00000000        0xc ../libopencm3/lib/libopencm3_stm32f4.a(gpio_common_all.o)
 .group         0x00000000        0xc ../libopencm3/lib/libopencm3_stm32f4.a(gpio_common_all.o)
 .group         0x00000000        0xc ../libopencm3/lib/libopencm3_stm32f4.a(gpio_common_all.o)
 .group         0x00000000        0xc ../libopencm3/lib/libopencm3_stm32f4.a(gpio_common_all.o)
 .group         0x00000000        0xc ../libopencm3/lib/libopencm3_stm32f4.a(gpio_common_all.o)
 .text          0x00000000        0x0 ../libopencm3/lib/libopencm3_stm32f4.a(gpio_common_all.o)
 .data          0x00000000        0x0 ../libopencm3/lib/libopencm3_stm32f4.a(gpio_common_all.o)
 .bss           0x00000000        0x0 ../libopencm3/lib/libopencm3_stm32f4.a(gpio_common_all.o)
 .text.gpio_set
                0x00000000        0x4 ../libopencm3/lib/libopencm3_stm32f4.a(gpio_common_all.o)
 .text.gpio_clear
                0x00000000        0x6 ../libopencm3/lib/libopencm3_stm32f4.a(gpio_common_all.o)
 .text.gpio_get
                0x00000000        0x6 ../libopencm3/lib/libopencm3_stm32f4.a(gpio_common_all.o)
 .text.gpio_port_read
                0x00000000        0x6 ../libopencm3/lib/libopencm3_stm32f4.a(gpio_common_all.o)
 .text.gpio_port_write
                0x00000000        0x4 ../libopencm3/lib/libopencm3_stm32f4.a(gpio_common_all.o)
 .text.gpio_port_config_lock
                0x00000000       0x10 ../libopencm3/lib/libopencm3_stm32f4.a(gpio_common_all.o)
 .debug_macro   0x00000000       0x1c ../libopencm3/lib/libopencm3_stm32f4.a(gpio_common_all.o)
 .debug_macro   0x00000000       0x22 ../libopencm3/lib/libopencm3_stm32f4.a(gpio_common_all.o)
 .debug_macro   0x00000000       0xe8 ../libopencm3/lib/libopencm3_stm32f4.a(gpio_common_all.o)
 .debug_macro   0x00000000       0x76 ../libopencm3/lib/libopencm3_stm32f4.a(gpio_common_all.o)
 .debug_macro   0x00000000      0x37e ../libopencm3/lib/libopencm3_stm32f4.a(gpio_common_all.o)
 .debug_macro   0x00000000       0xca ../libopencm3/lib/libopencm3_stm32f4.a(gpio_common_all.o)
 .group         0x00000000        0xc ../libopencm3/lib/libopencm3_stm32f4.a(gpio_common_f0234.o)
 .group         0x00000000        0xc ../libopencm3/lib/libopencm3_stm32f4.a(gpio_common_f0234.o)
 .group         0x00000000        0xc ../libopencm3/lib/libopencm3_stm32f4.a(gpio_common_f0234.o)
 .group         0x00000000        0xc ../libopencm3/lib/libopencm3_stm32f4.a(gpio_common_f0234.o)
 .group         0x00000000        0xc ../libopencm3/lib/libopencm3_stm32f4.a(gpio_common_f0234.o)
 .group         0x00000000        0xc ../libopencm3/lib/libopencm3_stm32f4.a(gpio_common_f0234.o)
 .group         0x00000000        0xc ../libopencm3/lib/libopencm3_stm32f4.a(gpio_common_f0234.o)
 .group         0x00000000        0xc ../libopencm3/lib/libopencm3_stm32f4.a(gpio_common_f0234.o)
 .group         0x00000000        0xc ../libopencm3/lib/libopencm3_stm32f4.a(gpio_common_f0234.o)
 .group         0x00000000        0xc ../libopencm3/lib/libopencm3_stm32f4.a(gpio_common_f0234.o)
 .group         0x00000000        0xc ../libopencm3/lib/libopencm3_stm32f4.a(gpio_common_f0234.o)
 .group         0x00000000        0xc ../libopencm3/lib/libopencm3_stm32f4.a(gpio_common_f0234.o)
 .group         0x00000000        0xc ../libopencm3/lib/libopencm3_stm32f4.a(gpio_common_f0234.o)
 .group         0x00000000        0xc ../libopencm3/lib/libopencm3_stm32f4.a(gpio_common_f0234.o)
 .group         0x00000000        0xc ../libopencm3/lib/libopencm3_stm32f4.a(gpio_common_f0234.o)
 .text          0x00000000        0x0 ../libopencm3/lib/libopencm3_stm32f4.a(gpio_common_f0234.o)
 .data          0x00000000        0x0 ../libopencm3/lib/libopencm3_stm32f4.a(gpio_common_f0234.o)
 .bss           0x00000000        0x0 ../libopencm3/lib/libopencm3_stm32f4.a(gpio_common_f0234.o)
 .text.gpio_set_output_options
                0x00000000       0x36 ../libopencm3/lib/libopencm3_stm32f4.a(gpio_common_f0234.o)
 .text.gpio_set_af
                0x00000000       0x58 ../libopencm3/lib/libopencm3_stm32f4.a(gpio_common_f0234.o)
 .debug_macro   0x00000000      0xacc ../libopencm3/lib/libopencm3_stm32f4.a(gpio_common_f0234.o)
 .debug_macro   0x00000000       0x1c ../libopencm3/lib/libopencm3_stm32f4.a(gpio_common_f0234.o)
 .debug_macro   0x00000000       0x22 ../libopencm3/lib/libopencm3_stm32f4.a(gpio_common_f0234.o)
 .debug_macro   0x00000000       0x56 ../libopencm3/lib/libopencm3_stm32f4.a(gpio_common_f0234.o)
 .debug_macro   0x00000000       0x51 ../libopencm3/lib/libopencm3_stm32f4.a(gpio_common_f0234.o)
 .debug_macro   0x00000000      0x103 ../libopencm3/lib/libopencm3_stm32f4.a(gpio_common_f0234.o)
 .debug_macro   0x00000000       0x6a ../libopencm3/lib/libopencm3_stm32f4.a(gpio_common_f0234.o)
 .debug_macro   0x00000000      0x1df ../libopencm3/lib/libopencm3_stm32f4.a(gpio_common_f0234.o)
 .debug_macro   0x00000000       0x22 ../libopencm3/lib/libopencm3_stm32f4.a(gpio_common_f0234.o)
 .debug_macro   0x00000000       0xe8 ../libopencm3/lib/libopencm3_stm32f4.a(gpio_common_f0234.o)
 .debug_macro   0x00000000       0x76 ../libopencm3/lib/libopencm3_stm32f4.a(gpio_common_f0234.o)
 .debug_macro   0x00000000      0x280 ../libopencm3/lib/libopencm3_stm32f4.a(gpio_common_f0234.o)
 .debug_macro   0x00000000       0x76 ../libopencm3/lib/libopencm3_stm32f4.a(gpio_common_f0234.o)
 .debug_macro   0x00000000      0x37e ../libopencm3/lib/libopencm3_stm32f4.a(gpio_common_f0234.o)
 .debug_macro   0x00000000       0xca ../libopencm3/lib/libopencm3_stm32f4.a(gpio_common_f0234.o)
 .group         0x00000000        0xc ../libopencm3/lib/libopencm3_stm32f4.a(rcc_common_all.o)
 .group         0x00000000        0xc ../libopencm3/lib/libopencm3_stm32f4.a(rcc_common_all.o)
 .group         0x00000000        0xc ../libopencm3/lib/libopencm3_stm32f4.a(rcc_common_all.o)
 .group         0x00000000        0xc ../libopencm3/lib/libopencm3_stm32f4.a(rcc_common_all.o)
 .group         0x00000000        0xc ../libopencm3/lib/libopencm3_stm32f4.a(rcc_common_all.o)
 .group         0x00000000        0xc ../libopencm3/lib/libopencm3_stm32f4.a(rcc_common_all.o)
 .group         0x00000000        0xc ../libopencm3/lib/libopencm3_stm32f4.a(rcc_common_all.o)
 .group         0x00000000        0xc ../libopencm3/lib/libopencm3_stm32f4.a(rcc_common_all.o)
 .group         0x00000000        0xc ../libopencm3/lib/libopencm3_stm32f4.a(rcc_common_all.o)
 .group         0x00000000        0xc ../libopencm3/lib/libopencm3_stm32f4.a(rcc_common_all.o)
 .group         0x00000000        0xc ../libopencm3/lib/libopencm3_stm32f4.a(rcc_common_all.o)
 .group         0x00000000        0xc ../libopencm3/lib/libopencm3_stm32f4.a(rcc_common_all.o)
 .group         0x00000000        0xc ../libopencm3/lib/libopencm3_stm32f4.a(rcc_common_all.o)
 .group         0x00000000        0xc ../libopencm3/lib/libopencm3_stm32f4.a(rcc_common_all.o)
 .group         0x00000000        0xc ../libopencm3/lib/libopencm3_stm32f4.a(rcc_common_all.o)
 .text          0x00000000        0x0 ../libopencm3/lib/libopencm3_stm32f4.a(rcc_common_all.o)
 .data          0x00000000        0x0 ../libopencm3/lib/libopencm3_stm32f4.a(rcc_common_all.o)
 .bss           0x00000000        0x0 ../libopencm3/lib/libopencm3_stm32f4.a(rcc_common_all.o)
 .text.rcc_peripheral_enable_clock
                0x00000000        0x8 ../libopencm3/lib/libopencm3_stm32f4.a(rcc_common_all.o)
 .text.rcc_peripheral_disable_clock
                0x00000000        0xa ../libopencm3/lib/libopencm3_stm32f4.a(rcc_common_all.o)
 .text.rcc_peripheral_reset
                0x00000000        0x8 ../libopencm3/lib/libopencm3_stm32f4.a(rcc_common_all.o)
 .text.rcc_peripheral_clear_reset
                0x00000000        0xa ../libopencm3/lib/libopencm3_stm32f4.a(rcc_common_all.o)
 .text.rcc_periph_clock_disable
                0x00000000       0x1c ../libopencm3/lib/libopencm3_stm32f4.a(rcc_common_all.o)
 .text.rcc_periph_reset_pulse
                0x00000000       0x22 ../libopencm3/lib/libopencm3_stm32f4.a(rcc_common_all.o)
 .text.rcc_periph_reset_hold
                0x00000000        0x4 ../libopencm3/lib/libopencm3_stm32f4.a(rcc_common_all.o)
 .text.rcc_periph_reset_release
                0x00000000        0x4 ../libopencm3/lib/libopencm3_stm32f4.a(rcc_common_all.o)
 .text.rcc_set_mco
                0x00000000       0x18 ../libopencm3/lib/libopencm3_stm32f4.a(rcc_common_all.o)
 .text.rcc_osc_bypass_enable
                0x00000000       0x30 ../libopencm3/lib/libopencm3_stm32f4.a(rcc_common_all.o)
 .text.rcc_osc_bypass_disable
                0x00000000       0x30 ../libopencm3/lib/libopencm3_stm32f4.a(rcc_common_all.o)
 .text.rcc_get_div_from_hpre
                0x00000000       0x18 ../libopencm3/lib/libopencm3_stm32f4.a(rcc_common_all.o)
 .debug_macro   0x00000000      0xacc ../libopencm3/lib/libopencm3_stm32f4.a(rcc_common_all.o)
 .debug_macro   0x00000000       0x1c ../libopencm3/lib/libopencm3_stm32f4.a(rcc_common_all.o)
 .debug_macro   0x00000000       0x22 ../libopencm3/lib/libopencm3_stm32f4.a(rcc_common_all.o)
 .debug_macro   0x00000000       0x56 ../libopencm3/lib/libopencm3_stm32f4.a(rcc_common_all.o)
 .debug_macro   0x00000000       0x51 ../libopencm3/lib/libopencm3_stm32f4.a(rcc_common_all.o)
 .debug_macro   0x00000000      0x103 ../libopencm3/lib/libopencm3_stm32f4.a(rcc_common_all.o)
 .debug_macro   0x00000000       0x6a ../libopencm3/lib/libopencm3_stm32f4.a(rcc_common_all.o)
 .debug_macro   0x00000000      0x1df ../libopencm3/lib/libopencm3_stm32f4.a(rcc_common_all.o)
 .debug_macro   0x00000000       0x22 ../libopencm3/lib/libopencm3_stm32f4.a(rcc_common_all.o)
 .debug_macro   0x00000000       0xe8 ../libopencm3/lib/libopencm3_stm32f4.a(rcc_common_all.o)
 .debug_macro   0x00000000       0x76 ../libopencm3/lib/libopencm3_stm32f4.a(rcc_common_all.o)
 .debug_macro   0x00000000      0x280 ../libopencm3/lib/libopencm3_stm32f4.a(rcc_common_all.o)
 .debug_macro   0x00000000       0x8e ../libopencm3/lib/libopencm3_stm32f4.a(rcc_common_all.o)
 .debug_macro   0x00000000       0x46 ../libopencm3/lib/libopencm3_stm32f4.a(rcc_common_all.o)
 .debug_macro   0x00000000      0xcea ../libopencm3/lib/libopencm3_stm32f4.a(rcc_common_all.o)
 .group         0x00000000        0xc ../libopencm3/lib/libopencm3_stm32f4.a(rcc.o)
 .group         0x00000000        0xc ../libopencm3/lib/libopencm3_stm32f4.a(rcc.o)
 .group         0x00000000        0xc ../libopencm3/lib/libopencm3_stm32f4.a(rcc.o)
 .group         0x00000000        0xc ../libopencm3/lib/libopencm3_stm32f4.a(rcc.o)
 .group         0x00000000        0xc ../libopencm3/lib/libopencm3_stm32f4.a(rcc.o)
 .group         0x00000000        0xc ../libopencm3/lib/libopencm3_stm32f4.a(rcc.o)
 .group         0x00000000        0xc ../libopencm3/lib/libopencm3_stm32f4.a(rcc.o)
 .group         0x00000000        0xc ../libopencm3/lib/libopencm3_stm32f4.a(rcc.o)
 .group         0x00000000        0xc ../libopencm3/lib/libopencm3_stm32f4.a(rcc.o)
 .group         0x00000000        0xc ../libopencm3/lib/libopencm3_stm32f4.a(rcc.o)
 .group         0x00000000        0xc ../libopencm3/lib/libopencm3_stm32f4.a(rcc.o)
 .group         0x00000000        0xc ../libopencm3/lib/libopencm3_stm32f4.a(rcc.o)
 .group         0x00000000        0xc ../libopencm3/lib/libopencm3_stm32f4.a(rcc.o)
 .group         0x00000000        0xc ../libopencm3/lib/libopencm3_stm32f4.a(rcc.o)
 .group         0x00000000        0xc ../libopencm3/lib/libopencm3_stm32f4.a(rcc.o)
 .group         0x00000000        0xc ../libopencm3/lib/libopencm3_stm32f4.a(rcc.o)
 .group         0x00000000        0xc ../libopencm3/lib/libopencm3_stm32f4.a(rcc.o)
 .group         0x00000000        0xc ../libopencm3/lib/libopencm3_stm32f4.a(rcc.o)
 .group         0x00000000        0xc ../libopencm3/lib/libopencm3_stm32f4.a(rcc.o)
 .text          0x00000000        0x0 ../libopencm3/lib/libopencm3_stm32f4.a(rcc.o)
 .data          0x00000000        0x0 ../libopencm3/lib/libopencm3_stm32f4.a(rcc.o)
 .bss           0x00000000        0x0 ../libopencm3/lib/libopencm3_stm32f4.a(rcc.o)
 .text.rcc_osc_ready_int_clear
                0x00000000       0x6c ../libopencm3/lib/libopencm3_stm32f4.a(rcc.o)
 .text.rcc_osc_ready_int_enable
                0x00000000       0x6c ../libopencm3/lib/libopencm3_stm32f4.a(rcc.o)
 .text.rcc_osc_ready_int_disable
                0x00000000       0x6c ../libopencm3/lib/libopencm3_stm32f4.a(rcc.o)
 .text.rcc_osc_ready_int_flag
                0x00000000       0x6c ../libopencm3/lib/libopencm3_stm32f4.a(rcc.o)
 .text.rcc_css_int_clear
                0x00000000       0x14 ../libopencm3/lib/libopencm3_stm32f4.a(rcc.o)
 .text.rcc_css_int_flag
                0x00000000       0x10 ../libopencm3/lib/libopencm3_stm32f4.a(rcc.o)
 .text.rcc_wait_for_sysclk_status
                0x00000000       0x40 ../libopencm3/lib/libopencm3_stm32f4.a(rcc.o)
 .text.rcc_css_enable
                0x00000000       0x14 ../libopencm3/lib/libopencm3_stm32f4.a(rcc.o)
 .text.rcc_css_disable
                0x00000000       0x14 ../libopencm3/lib/libopencm3_stm32f4.a(rcc.o)
 .text.rcc_plli2s_config
                0x00000000       0x1c ../libopencm3/lib/libopencm3_stm32f4.a(rcc.o)
 .text.rcc_pllsai_config
                0x00000000       0x2c ../libopencm3/lib/libopencm3_stm32f4.a(rcc.o)
 .text.rcc_pllsai_postscalers
                0x00000000       0x28 ../libopencm3/lib/libopencm3_stm32f4.a(rcc.o)
 .text.rcc_set_pll_source
                0x00000000       0x18 ../libopencm3/lib/libopencm3_stm32f4.a(rcc.o)
 .text.rcc_set_rtcpre
                0x00000000       0x18 ../libopencm3/lib/libopencm3_stm32f4.a(rcc.o)
 .text.rcc_system_clock_source
                0x00000000       0x10 ../libopencm3/lib/libopencm3_stm32f4.a(rcc.o)
 .text.rcc_clock_setup_hse_3v3
                0x00000000        0x4 ../libopencm3/lib/libopencm3_stm32f4.a(rcc.o)
 .text.rcc_get_usart_clk_freq
                0x00000000       0x20 ../libopencm3/lib/libopencm3_stm32f4.a(rcc.o)
 .text.rcc_get_timer_clk_freq
                0x00000000       0x34 ../libopencm3/lib/libopencm3_stm32f4.a(rcc.o)
 .text.rcc_get_i2c_clk_freq
                0x00000000        0xc ../libopencm3/lib/libopencm3_stm32f4.a(rcc.o)
 .text.rcc_get_spi_clk_freq
                0x00000000       0x20 ../libopencm3/lib/libopencm3_stm32f4.a(rcc.o)
 .rodata.rcc_hse_25mhz_3v3
                0x00000000       0x70 ../libopencm3/lib/libopencm3_stm32f4.a(rcc.o)
 .rodata.rcc_hse_16mhz_3v3
                0x00000000       0x70 ../libopencm3/lib/libopencm3_stm32f4.a(rcc.o)
 .rodata.rcc_hse_12mhz_3v3
                0x00000000       0x70 ../libopencm3/lib/libopencm3_stm32f4.a(rcc.o)
 .rodata.rcc_hse_8mhz_3v3
                0x00000000       0x70 ../libopencm3/lib/libopencm3_stm32f4.a(rcc.o)
 .debug_macro   0x00000000      0xacc ../libopencm3/lib/libopencm3_stm32f4.a(rcc.o)
 .debug_macro   0x00000000       0x1c ../libopencm3/lib/libopencm3_stm32f4.a(rcc.o)
 .debug_macro   0x00000000       0x22 ../libopencm3/lib/libopencm3_stm32f4.a(rcc.o)
 .debug_macro   0x00000000       0x56 ../libopencm3/lib/libopencm3_stm32f4.a(rcc.o)
 .debug_macro   0x00000000       0x51 ../libopencm3/lib/libopencm3_stm32f4.a(rcc.o)
 .debug_macro   0x00000000      0x103 ../libopencm3/lib/libopencm3_stm32f4.a(rcc.o)
 .debug_macro   0x00000000       0x6a ../libopencm3/lib/libopencm3_stm32f4.a(rcc.o)
 .debug_macro   0x00000000      0x1df ../libopencm3/lib/libopencm3_stm32f4.a(rcc.o)
 .debug_macro   0x00000000       0x22 ../libopencm3/lib/libopencm3_stm32f4.a(rcc.o)
 .debug_macro   0x00000000       0xe8 ../libopencm3/lib/libopencm3_stm32f4.a(rcc.o)
 .debug_macro   0x00000000       0x76 ../libopencm3/lib/libopencm3_stm32f4.a(rcc.o)
 .debug_macro   0x00000000      0x280 ../libopencm3/lib/libopencm3_stm32f4.a(rcc.o)
 .debug_macro   0x00000000       0x8e ../libopencm3/lib/libopencm3_stm32f4.a(rcc.o)
 .debug_macro   0x00000000       0x46 ../libopencm3/lib/libopencm3_stm32f4.a(rcc.o)
 .debug_macro   0x00000000      0xcea ../libopencm3/lib/libopencm3_stm32f4.a(rcc.o)
 .group         0x00000000        0xc ../libopencm3/lib/libopencm3_stm32f4.a(vector.o)
 .group         0x00000000        0xc ../libopencm3/lib/libopencm3_stm32f4.a(vector.o)
 .group         0x00000000        0xc ../libopencm3/lib/libopencm3_stm32f4.a(vector.o)
 .group         0x00000000        0xc ../libopencm3/lib/libopencm3_stm32f4.a(vector.o)
 .group         0x00000000        0xc ../libopencm3/lib/libopencm3_stm32f4.a(vector.o)
 .group         0x00000000        0xc ../libopencm3/lib/libopencm3_stm32f4.a(vector.o)
 .group         0x00000000        0xc ../libopencm3/lib/libopencm3_stm32f4.a(vector.o)
 .group         0x00000000        0xc ../libopencm3/lib/libopencm3_stm32f4.a(vector.o)
 .group         0x00000000        0xc ../libopencm3/lib/libopencm3_stm32f4.a(vector.o)
 .group         0x00000000        0xc ../libopencm3/lib/libopencm3_stm32f4.a(vector.o)
 .group         0x00000000        0xc ../libopencm3/lib/libopencm3_stm32f4.a(vector.o)
 .group         0x00000000        0xc ../libopencm3/lib/libopencm3_stm32f4.a(vector.o)
 .group         0x00000000        0xc ../libopencm3/lib/libopencm3_stm32f4.a(vector.o)
 .group         0x00000000        0xc ../libopencm3/lib/libopencm3_stm32f4.a(vector.o)
 .text          0x00000000        0x0 ../libopencm3/lib/libopencm3_stm32f4.a(vector.o)
 .data          0x00000000        0x0 ../libopencm3/lib/libopencm3_stm32f4.a(vector.o)
 .bss           0x00000000        0x0 ../libopencm3/lib/libopencm3_stm32f4.a(vector.o)
 .debug_macro   0x00000000      0xacc ../libopencm3/lib/libopencm3_stm32f4.a(vector.o)
 .debug_macro   0x00000000       0x76 ../libopencm3/lib/libopencm3_stm32f4.a(vector.o)
 .debug_macro   0x00000000       0x1c ../libopencm3/lib/libopencm3_stm32f4.a(vector.o)
 .debug_macro   0x00000000       0x22 ../libopencm3/lib/libopencm3_stm32f4.a(vector.o)
 .debug_macro   0x00000000       0x56 ../libopencm3/lib/libopencm3_stm32f4.a(vector.o)
 .debug_macro   0x00000000       0x51 ../libopencm3/lib/libopencm3_stm32f4.a(vector.o)
 .debug_macro   0x00000000      0x103 ../libopencm3/lib/libopencm3_stm32f4.a(vector.o)
 .debug_macro   0x00000000       0x6a ../libopencm3/lib/libopencm3_stm32f4.a(vector.o)
 .debug_macro   0x00000000      0x1df ../libopencm3/lib/libopencm3_stm32f4.a(vector.o)
 .debug_macro   0x00000000       0x22 ../libopencm3/lib/libopencm3_stm32f4.a(vector.o)
 .debug_macro   0x00000000       0xe8 ../libopencm3/lib/libopencm3_stm32f4.a(vector.o)
 .debug_macro   0x00000000       0x6e ../libopencm3/lib/libopencm3_stm32f4.a(vector.o)
 .debug_macro   0x00000000      0x22c ../libopencm3/lib/libopencm3_stm32f4.a(vector.o)
 .group         0x00000000        0xc ../libopencm3/lib/libopencm3_stm32f4.a(systick.o)
 .group         0x00000000        0xc ../libopencm3/lib/libopencm3_stm32f4.a(systick.o)
 .group         0x00000000        0xc ../libopencm3/lib/libopencm3_stm32f4.a(systick.o)
 .group         0x00000000        0xc ../libopencm3/lib/libopencm3_stm32f4.a(systick.o)
 .group         0x00000000        0xc ../libopencm3/lib/libopencm3_stm32f4.a(systick.o)
 .group         0x00000000        0xc ../libopencm3/lib/libopencm3_stm32f4.a(systick.o)
 .group         0x00000000        0xc ../libopencm3/lib/libopencm3_stm32f4.a(systick.o)
 .group         0x00000000        0xc ../libopencm3/lib/libopencm3_stm32f4.a(systick.o)
 .group         0x00000000        0xc ../libopencm3/lib/libopencm3_stm32f4.a(systick.o)
 .group         0x00000000        0xc ../libopencm3/lib/libopencm3_stm32f4.a(systick.o)
 .group         0x00000000        0xc ../libopencm3/lib/libopencm3_stm32f4.a(systick.o)
 .group         0x00000000        0xc ../libopencm3/lib/libopencm3_stm32f4.a(systick.o)
 .text          0x00000000        0x0 ../libopencm3/lib/libopencm3_stm32f4.a(systick.o)
 .data          0x00000000        0x0 ../libopencm3/lib/libopencm3_stm32f4.a(systick.o)
 .bss           0x00000000        0x0 ../libopencm3/lib/libopencm3_stm32f4.a(systick.o)
 .text.systick_set_reload
                0x00000000        0xc ../libopencm3/lib/libopencm3_stm32f4.a(systick.o)
 .text.systick_get_reload
                0x00000000        0xc ../libopencm3/lib/libopencm3_stm32f4.a(systick.o)
 .text.systick_get_value
                0x00000000        0xc ../libopencm3/lib/libopencm3_stm32f4.a(systick.o)
 .text.systick_interrupt_disable
                0x00000000        0xe ../libopencm3/lib/libopencm3_stm32f4.a(systick.o)
 .text.systick_counter_disable
                0x00000000        0xe ../libopencm3/lib/libopencm3_stm32f4.a(systick.o)
 .text.systick_get_countflag
                0x00000000        0xc ../libopencm3/lib/libopencm3_stm32f4.a(systick.o)
 .text.systick_clear
                0x00000000        0xa ../libopencm3/lib/libopencm3_stm32f4.a(systick.o)
 .text.systick_get_calib
                0x00000000        0xc ../libopencm3/lib/libopencm3_stm32f4.a(systick.o)
 .debug_macro   0x00000000      0xacc ../libopencm3/lib/libopencm3_stm32f4.a(systick.o)
 .debug_macro   0x00000000       0x76 ../libopencm3/lib/libopencm3_stm32f4.a(systick.o)
 .debug_macro   0x00000000       0x1c ../libopencm3/lib/libopencm3_stm32f4.a(systick.o)
 .debug_macro   0x00000000       0x22 ../libopencm3/lib/libopencm3_stm32f4.a(systick.o)
 .debug_macro   0x00000000       0x56 ../libopencm3/lib/libopencm3_stm32f4.a(systick.o)
 .debug_macro   0x00000000       0x51 ../libopencm3/lib/libopencm3_stm32f4.a(systick.o)
 .debug_macro   0x00000000      0x103 ../libopencm3/lib/libopencm3_stm32f4.a(systick.o)
 .debug_macro   0x00000000       0x6a ../libopencm3/lib/libopencm3_stm32f4.a(systick.o)
 .debug_macro   0x00000000      0x1df ../libopencm3/lib/libopencm3_stm32f4.a(systick.o)
 .debug_macro   0x00000000       0x22 ../libopencm3/lib/libopencm3_stm32f4.a(systick.o)
 .debug_macro   0x00000000       0xe8 ../libopencm3/lib/libopencm3_stm32f4.a(systick.o)
 .group         0x00000000        0xc ../libopencm3/lib/libopencm3_stm32f4.a(flash_common_all.o)
 .group         0x00000000        0xc ../libopencm3/lib/libopencm3_stm32f4.a(flash_common_all.o)
 .group         0x00000000        0xc ../libopencm3/lib/libopencm3_stm32f4.a(flash_common_all.o)
 .group         0x00000000        0xc ../libopencm3/lib/libopencm3_stm32f4.a(flash_common_all.o)
 .group         0x00000000        0xc ../libopencm3/lib/libopencm3_stm32f4.a(flash_common_all.o)
 .group         0x00000000        0xc ../libopencm3/lib/libopencm3_stm32f4.a(flash_common_all.o)
 .group         0x00000000        0xc ../libopencm3/lib/libopencm3_stm32f4.a(flash_common_all.o)
 .group         0x00000000        0xc ../libopencm3/lib/libopencm3_stm32f4.a(flash_common_all.o)
 .group         0x00000000        0xc ../libopencm3/lib/libopencm3_stm32f4.a(flash_common_all.o)
 .group         0x00000000        0xc ../libopencm3/lib/libopencm3_stm32f4.a(flash_common_all.o)
 .group         0x00000000        0xc ../libopencm3/lib/libopencm3_stm32f4.a(flash_common_all.o)
 .group         0x00000000        0xc ../libopencm3/lib/libopencm3_stm32f4.a(flash_common_all.o)
 .group         0x00000000        0xc ../libopencm3/lib/libopencm3_stm32f4.a(flash_common_all.o)
 .group         0x00000000        0xc ../libopencm3/lib/libopencm3_stm32f4.a(flash_common_all.o)
 .group         0x00000000        0xc ../libopencm3/lib/libopencm3_stm32f4.a(flash_common_all.o)
 .text          0x00000000        0x0 ../libopencm3/lib/libopencm3_stm32f4.a(flash_common_all.o)
 .data          0x00000000        0x0 ../libopencm3/lib/libopencm3_stm32f4.a(flash_common_all.o)
 .bss           0x00000000        0x0 ../libopencm3/lib/libopencm3_stm32f4.a(flash_common_all.o)
 .text.flash_prefetch_enable
                0x00000000       0x14 ../libopencm3/lib/libopencm3_stm32f4.a(flash_common_all.o)
 .text.flash_prefetch_disable
                0x00000000       0x14 ../libopencm3/lib/libopencm3_stm32f4.a(flash_common_all.o)
 .text.flash_unlock_option_bytes
                0x00000000       0x1c ../libopencm3/lib/libopencm3_stm32f4.a(flash_common_all.o)
 .debug_macro   0x00000000      0xacc ../libopencm3/lib/libopencm3_stm32f4.a(flash_common_all.o)
 .debug_macro   0x00000000       0x1c ../libopencm3/lib/libopencm3_stm32f4.a(flash_common_all.o)
 .debug_macro   0x00000000       0x22 ../libopencm3/lib/libopencm3_stm32f4.a(flash_common_all.o)
 .debug_macro   0x00000000       0x56 ../libopencm3/lib/libopencm3_stm32f4.a(flash_common_all.o)
 .debug_macro   0x00000000       0x51 ../libopencm3/lib/libopencm3_stm32f4.a(flash_common_all.o)
 .debug_macro   0x00000000      0x103 ../libopencm3/lib/libopencm3_stm32f4.a(flash_common_all.o)
 .debug_macro   0x00000000       0x6a ../libopencm3/lib/libopencm3_stm32f4.a(flash_common_all.o)
 .debug_macro   0x00000000      0x1df ../libopencm3/lib/libopencm3_stm32f4.a(flash_common_all.o)
 .debug_macro   0x00000000       0x22 ../libopencm3/lib/libopencm3_stm32f4.a(flash_common_all.o)
 .debug_macro   0x00000000       0xe8 ../libopencm3/lib/libopencm3_stm32f4.a(flash_common_all.o)
 .debug_macro   0x00000000       0x76 ../libopencm3/lib/libopencm3_stm32f4.a(flash_common_all.o)
 .debug_macro   0x00000000      0x280 ../libopencm3/lib/libopencm3_stm32f4.a(flash_common_all.o)
 .debug_macro   0x00000000       0x1c ../libopencm3/lib/libopencm3_stm32f4.a(flash_common_all.o)
 .debug_macro   0x00000000      0x143 ../libopencm3/lib/libopencm3_stm32f4.a(flash_common_all.o)
 .debug_macro   0x00000000       0x10 ../libopencm3/lib/libopencm3_stm32f4.a(flash_common_all.o)
 .group         0x00000000        0xc ../libopencm3/lib/libopencm3_stm32f4.a(flash_common_idcache.o)
 .group         0x00000000        0xc ../libopencm3/lib/libopencm3_stm32f4.a(flash_common_idcache.o)
 .group         0x00000000        0xc ../libopencm3/lib/libopencm3_stm32f4.a(flash_common_idcache.o)
 .group         0x00000000        0xc ../libopencm3/lib/libopencm3_stm32f4.a(flash_common_idcache.o)
 .group         0x00000000        0xc ../libopencm3/lib/libopencm3_stm32f4.a(flash_common_idcache.o)
 .group         0x00000000        0xc ../libopencm3/lib/libopencm3_stm32f4.a(flash_common_idcache.o)
 .group         0x00000000        0xc ../libopencm3/lib/libopencm3_stm32f4.a(flash_common_idcache.o)
 .group         0x00000000        0xc ../libopencm3/lib/libopencm3_stm32f4.a(flash_common_idcache.o)
 .group         0x00000000        0xc ../libopencm3/lib/libopencm3_stm32f4.a(flash_common_idcache.o)
 .group         0x00000000        0xc ../libopencm3/lib/libopencm3_stm32f4.a(flash_common_idcache.o)
 .group         0x00000000        0xc ../libopencm3/lib/libopencm3_stm32f4.a(flash_common_idcache.o)
 .group         0x00000000        0xc ../libopencm3/lib/libopencm3_stm32f4.a(flash_common_idcache.o)
 .group         0x00000000        0xc ../libopencm3/lib/libopencm3_stm32f4.a(flash_common_idcache.o)
 .group         0x00000000        0xc ../libopencm3/lib/libopencm3_stm32f4.a(flash_common_idcache.o)
 .group         0x00000000        0xc ../libopencm3/lib/libopencm3_stm32f4.a(flash_common_idcache.o)
 .text          0x00000000        0x0 ../libopencm3/lib/libopencm3_stm32f4.a(flash_common_idcache.o)
 .data          0x00000000        0x0 ../libopencm3/lib/libopencm3_stm32f4.a(flash_common_idcache.o)
 .bss           0x00000000        0x0 ../libopencm3/lib/libopencm3_stm32f4.a(flash_common_idcache.o)
 .text.flash_dcache_reset
                0x00000000       0x14 ../libopencm3/lib/libopencm3_stm32f4.a(flash_common_idcache.o)
 .text.flash_icache_reset
                0x00000000       0x14 ../libopencm3/lib/libopencm3_stm32f4.a(flash_common_idcache.o)
 .debug_macro   0x00000000      0xacc ../libopencm3/lib/libopencm3_stm32f4.a(flash_common_idcache.o)
 .debug_macro   0x00000000       0x1c ../libopencm3/lib/libopencm3_stm32f4.a(flash_common_idcache.o)
 .debug_macro   0x00000000       0x22 ../libopencm3/lib/libopencm3_stm32f4.a(flash_common_idcache.o)
 .debug_macro   0x00000000       0x56 ../libopencm3/lib/libopencm3_stm32f4.a(flash_common_idcache.o)
 .debug_macro   0x00000000       0x51 ../libopencm3/lib/libopencm3_stm32f4.a(flash_common_idcache.o)
 .debug_macro   0x00000000      0x103 ../libopencm3/lib/libopencm3_stm32f4.a(flash_common_idcache.o)
 .debug_macro   0x00000000       0x6a ../libopencm3/lib/libopencm3_stm32f4.a(flash_common_idcache.o)
 .debug_macro   0x00000000      0x1df ../libopencm3/lib/libopencm3_stm32f4.a(flash_common_idcache.o)
 .debug_macro   0x00000000       0x22 ../libopencm3/lib/libopencm3_stm32f4.a(flash_common_idcache.o)
 .debug_macro   0x00000000       0xe8 ../libopencm3/lib/libopencm3_stm32f4.a(flash_common_idcache.o)
 .debug_macro   0x00000000       0x76 ../libopencm3/lib/libopencm3_stm32f4.a(flash_common_idcache.o)
 .debug_macro   0x00000000      0x280 ../libopencm3/lib/libopencm3_stm32f4.a(flash_common_idcache.o)
 .debug_macro   0x00000000       0x1c ../libopencm3/lib/libopencm3_stm32f4.a(flash_common_idcache.o)
 .debug_macro   0x00000000      0x143 ../libopencm3/lib/libopencm3_stm32f4.a(flash_common_idcache.o)
 .debug_macro   0x00000000       0x10 ../libopencm3/lib/libopencm3_stm32f4.a(flash_common_idcache.o)
 .group         0x00000000        0xc ../libopencm3/lib/libopencm3_stm32f4.a(pwr.o)
 .group         0x00000000        0xc ../libopencm3/lib/libopencm3_stm32f4.a(pwr.o)
 .group         0x00000000        0xc ../libopencm3/lib/libopencm3_stm32f4.a(pwr.o)
 .group         0x00000000        0xc ../libopencm3/lib/libopencm3_stm32f4.a(pwr.o)
 .group         0x00000000        0xc ../libopencm3/lib/libopencm3_stm32f4.a(pwr.o)
 .group         0x00000000        0xc ../libopencm3/lib/libopencm3_stm32f4.a(pwr.o)
 .group         0x00000000        0xc ../libopencm3/lib/libopencm3_stm32f4.a(pwr.o)
 .group         0x00000000        0xc ../libopencm3/lib/libopencm3_stm32f4.a(pwr.o)
 .group         0x00000000        0xc ../libopencm3/lib/libopencm3_stm32f4.a(pwr.o)
 .group         0x00000000        0xc ../libopencm3/lib/libopencm3_stm32f4.a(pwr.o)
 .group         0x00000000        0xc ../libopencm3/lib/libopencm3_stm32f4.a(pwr.o)
 .group         0x00000000        0xc ../libopencm3/lib/libopencm3_stm32f4.a(pwr.o)
 .group         0x00000000        0xc ../libopencm3/lib/libopencm3_stm32f4.a(pwr.o)
 .group         0x00000000        0xc ../libopencm3/lib/libopencm3_stm32f4.a(pwr.o)
 .text          0x00000000        0x0 ../libopencm3/lib/libopencm3_stm32f4.a(pwr.o)
 .data          0x00000000        0x0 ../libopencm3/lib/libopencm3_stm32f4.a(pwr.o)
 .bss           0x00000000        0x0 ../libopencm3/lib/libopencm3_stm32f4.a(pwr.o)
 .debug_macro   0x00000000      0xacc ../libopencm3/lib/libopencm3_stm32f4.a(pwr.o)
 .debug_macro   0x00000000       0x1c ../libopencm3/lib/libopencm3_stm32f4.a(pwr.o)
 .debug_macro   0x00000000       0x22 ../libopencm3/lib/libopencm3_stm32f4.a(pwr.o)
 .debug_macro   0x00000000       0x56 ../libopencm3/lib/libopencm3_stm32f4.a(pwr.o)
 .debug_macro   0x00000000       0x51 ../libopencm3/lib/libopencm3_stm32f4.a(pwr.o)
 .debug_macro   0x00000000      0x103 ../libopencm3/lib/libopencm3_stm32f4.a(pwr.o)
 .debug_macro   0x00000000       0x6a ../libopencm3/lib/libopencm3_stm32f4.a(pwr.o)
 .debug_macro   0x00000000      0x1df ../libopencm3/lib/libopencm3_stm32f4.a(pwr.o)
 .debug_macro   0x00000000       0x22 ../libopencm3/lib/libopencm3_stm32f4.a(pwr.o)
 .debug_macro   0x00000000       0xe8 ../libopencm3/lib/libopencm3_stm32f4.a(pwr.o)
 .debug_macro   0x00000000       0x76 ../libopencm3/lib/libopencm3_stm32f4.a(pwr.o)
 .debug_macro   0x00000000      0x280 ../libopencm3/lib/libopencm3_stm32f4.a(pwr.o)
 .debug_macro   0x00000000       0x8e ../libopencm3/lib/libopencm3_stm32f4.a(pwr.o)
 .debug_macro   0x00000000       0x46 ../libopencm3/lib/libopencm3_stm32f4.a(pwr.o)

Memory Configuration

Name             Origin             Length             Attributes
rom              0x08000000         0x00080000         xr
ram              0x20000000         0x00018000         xrw
*default*        0x00000000         0xffffffff

Linker script and memory map

LOAD src/firmware.o
LOAD src/core/system.o
LOAD ../libopencm3/lib/libopencm3_stm32f4.a
START GROUP
LOAD /usr/lib/gcc/arm-none-eabi/13.2.1/../../../arm-none-eabi/lib/thumb/v7e-m+fp/hard/libc.a
LOAD /usr/lib/gcc/arm-none-eabi/13.2.1/thumb/v7e-m+fp/hard/libgcc.a
LOAD /usr/lib/gcc/arm-none-eabi/13.2.1/../../../arm-none-eabi/lib/thumb/v7e-m+fp/hard/libnosys.a
END GROUP
START GROUP
LOAD /usr/lib/gcc/arm-none-eabi/13.2.1/thumb/v7e-m+fp/hard/libgcc.a
LOAD /usr/lib/gcc/arm-none-eabi/13.2.1/../../../arm-none-eabi/lib/thumb/v7e-m+fp/hard/libg.a
LOAD /usr/lib/gcc/arm-none-eabi/13.2.1/../../../arm-none-eabi/lib/thumb/v7e-m+fp/hard/libc.a
END GROUP

.text           0x08000000      0x7d4
 *(.bootloader_section)
 *(.vectors)
 .vectors       0x08000000      0x1ac ../libopencm3/lib/libopencm3_stm32f4.a(vector.o)
                0x08000000                vector_table
                0x080001b0                        . = ALIGN (0x10)
 *fill*         0x080001ac        0x4 
 *(.firmware_info)
 *(.firmware_signature)
 *(.text*)
 .text.startup.main
                0x080001b0       0x50 src/firmware.o
                0x080001b0                main
 .text.sys_tick_handler
                0x08000200       0x18 src/core/system.o
                0x08000200                sys_tick_handler
 .text.system_get_ticks
                0x08000218        0xc src/core/system.o
                0x08000218                system_get_ticks
 .text.system_setup
                0x08000224       0x28 src/core/system.o
                0x08000224                system_setup
 .text.gpio_toggle
                0x0800024c       0x12 ../libopencm3/lib/libopencm3_stm32f4.a(gpio_common_all.o)
                0x0800024c                gpio_toggle
 .text.gpio_mode_setup
                0x0800025e       0x40 ../libopencm3/lib/libopencm3_stm32f4.a(gpio_common_f0234.o)
                0x0800025e                gpio_mode_setup
 .text.rcc_periph_clock_enable
                0x0800029e       0x1a ../libopencm3/lib/libopencm3_stm32f4.a(rcc_common_all.o)
                0x0800029e                rcc_periph_clock_enable
 .text.rcc_is_osc_ready
                0x080002b8       0x64 ../libopencm3/lib/libopencm3_stm32f4.a(rcc.o)
                0x080002b8                rcc_is_osc_ready
 .text.rcc_wait_for_osc_ready
                0x0800031c       0x10 ../libopencm3/lib/libopencm3_stm32f4.a(rcc.o)
                0x0800031c                rcc_wait_for_osc_ready
 .text.rcc_osc_on
                0x0800032c       0x74 ../libopencm3/lib/libopencm3_stm32f4.a(rcc.o)
                0x0800032c                rcc_osc_on
 .text.rcc_osc_off
                0x080003a0       0x74 ../libopencm3/lib/libopencm3_stm32f4.a(rcc.o)
                0x080003a0                rcc_osc_off
 .text.rcc_set_sysclk_source
                0x08000414       0x18 ../libopencm3/lib/libopencm3_stm32f4.a(rcc.o)
                0x08000414                rcc_set_sysclk_source
 .text.rcc_set_ppre2
                0x0800042c       0x18 ../libopencm3/lib/libopencm3_stm32f4.a(rcc.o)
                0x0800042c                rcc_set_ppre2
 .text.rcc_set_ppre1
                0x08000444       0x18 ../libopencm3/lib/libopencm3_stm32f4.a(rcc.o)
                0x08000444                rcc_set_ppre1
 .text.rcc_set_hpre
                0x0800045c       0x18 ../libopencm3/lib/libopencm3_stm32f4.a(rcc.o)
                0x0800045c                rcc_set_hpre
 .text.rcc_set_main_pll_hsi
                0x08000474       0x44 ../libopencm3/lib/libopencm3_stm32f4.a(rcc.o)
                0x08000474                rcc_set_main_pll_hsi
 .text.rcc_set_main_pll_hse
                0x080004b8       0x44 ../libopencm3/lib/libopencm3_stm32f4.a(rcc.o)
                0x080004b8                rcc_set_main_pll_hse
 .text.rcc_clock_setup_pll
                0x080004fc       0xe4 ../libopencm3/lib/libopencm3_stm32f4.a(rcc.o)
                0x080004fc                rcc_clock_setup_pll
 .text.blocking_handler
                0x080005e0        0x2 ../libopencm3/lib/libopencm3_stm32f4.a(vector.o)
                0x080005e0                dma2_stream1_isr
                0x080005e0                tim8_brk_tim12_isr
                0x080005e0                dma1_stream7_isr
                0x080005e0                usart3_isr
                0x080005e0                tim7_isr
                0x080005e0                dma2d_isr
                0x080005e0                uart8_isr
                0x080005e0                dma1_stream2_isr
                0x080005e0                otg_hs_isr
                0x080005e0                blocking_handler
                0x080005e0                tim5_isr
                0x080005e0                rtc_wkup_isr
                0x080005e0                otg_fs_isr
                0x080005e0                spi1_isr
                0x080005e0                i2c3_er_isr
                0x080005e0                exti2_isr
                0x080005e0                spi5_isr
                0x080005e0                usb_fs_wkup_isr
                0x080005e0                tamp_stamp_isr
                0x080005e0                can1_rx1_isr
                0x080005e0                dma2_stream0_isr
                0x080005e0                usart1_isr
                0x080005e0                i2c3_ev_isr
                0x080005e0                usage_fault_handler
                0x080005e0                can2_rx0_isr
                0x080005e0                dma1_stream6_isr
                0x080005e0                can2_rx1_isr
                0x080005e0                can1_sce_isr
                0x080005e0                tim1_cc_isr
                0x080005e0                can1_tx_isr
                0x080005e0                tim1_up_tim10_isr
                0x080005e0                sdio_isr
                0x080005e0                eth_isr
                0x080005e0                spi6_isr
                0x080005e0                dma2_stream5_isr
                0x080005e0                pvd_isr
                0x080005e0                can1_rx0_isr
                0x080005e0                rcc_isr
                0x080005e0                dma2_stream3_isr
                0x080005e0                flash_isr
                0x080005e0                uart4_isr
                0x080005e0                lcd_tft_isr
                0x080005e0                rtc_alarm_isr
                0x080005e0                exti15_10_isr
                0x080005e0                hash_rng_isr
                0x080005e0                tim1_trg_com_tim11_isr
                0x080005e0                hard_fault_handler
                0x080005e0                exti1_isr
                0x080005e0                i2c1_ev_isr
                0x080005e0                usart6_isr
                0x080005e0                spi2_isr
                0x080005e0                cryp_isr
                0x080005e0                nvic_wwdg_isr
                0x080005e0                dma1_stream1_isr
                0x080005e0                dma2_stream4_isr
                0x080005e0                exti3_isr
                0x080005e0                tim3_isr
                0x080005e0                usart2_isr
                0x080005e0                sai1_isr
                0x080005e0                fpu_isr
                0x080005e0                dma1_stream4_isr
                0x080005e0                i2c2_er_isr
                0x080005e0                i2c2_ev_isr
                0x080005e0                uart5_isr
                0x080005e0                dma2_stream6_isr
                0x080005e0                spi4_isr
                0x080005e0                adc_isr
                0x080005e0                dma2_stream7_isr
                0x080005e0                tim8_up_tim13_isr
                0x080005e0                fsmc_isr
                0x080005e0                exti4_isr
                0x080005e0                tim6_dac_isr
                0x080005e0                dma1_stream3_isr
                0x080005e0                tim8_trg_com_tim14_isr
                0x080005e0                mem_manage_handler
                0x080005e0                lcd_tft_err_isr
                0x080005e0                can2_tx_isr
                0x080005e0                exti9_5_isr
                0x080005e0                tim1_brk_tim9_isr
                0x080005e0                uart7_isr
                0x080005e0                can2_sce_isr
                0x080005e0                tim4_isr
                0x080005e0                otg_hs_wkup_isr
                0x080005e0                i2c1_er_isr
                0x080005e0                dma1_stream0_isr
                0x080005e0                tim8_cc_isr
                0x080005e0                dcmi_isr
                0x080005e0                dma2_stream2_isr
                0x080005e0                eth_wkup_isr
                0x080005e0                bus_fault_handler
                0x080005e0                otg_hs_ep1_out_isr
                0x080005e0                spi3_isr
                0x080005e0                dma1_stream5_isr
                0x080005e0                otg_hs_ep1_in_isr
                0x080005e0                tim2_isr
                0x080005e0                exti0_isr
 .text.null_handler
                0x080005e2        0x2 ../libopencm3/lib/libopencm3_stm32f4.a(vector.o)
                0x080005e2                null_handler
                0x080005e2                sv_call_handler
                0x080005e2                pend_sv_handler
                0x080005e2                debug_monitor_handler
                0x080005e2                nmi_handler
 .text.reset_handler
                0x080005e4       0xa0 ../libopencm3/lib/libopencm3_stm32f4.a(vector.o)
                0x080005e4                reset_handler
 .text.systick_set_clocksource
                0x08000684       0x14 ../libopencm3/lib/libopencm3_stm32f4.a(systick.o)
                0x08000684                systick_set_clocksource
 .text.systick_set_frequency
                0x08000698       0x38 ../libopencm3/lib/libopencm3_stm32f4.a(systick.o)
                0x08000698                systick_set_frequency
 .text.systick_interrupt_enable
                0x080006d0        0xe ../libopencm3/lib/libopencm3_stm32f4.a(systick.o)
                0x080006d0                systick_interrupt_enable
 .text.systick_counter_enable
                0x080006de        0xe ../libopencm3/lib/libopencm3_stm32f4.a(systick.o)
                0x080006de                systick_counter_enable
 .text.flash_set_ws
                0x080006ec       0x18 ../libopencm3/lib/libopencm3_stm32f4.a(flash_common_all.o)
                0x080006ec                flash_set_ws
 .text.flash_dcache_enable
                0x08000704       0x14 ../libopencm3/lib/libopencm3_stm32f4.a(flash_common_idcache.o)
                0x08000704                flash_dcache_enable
 .text.flash_dcache_disable
                0x08000718       0x14 ../libopencm3/lib/libopencm3_stm32f4.a(flash_common_idcache.o)
                0x08000718                flash_dcache_disable
 .text.flash_icache_enable
                0x0800072c       0x14 ../libopencm3/lib/libopencm3_stm32f4.a(flash_common_idcache.o)
                0x0800072c                flash_icache_enable
 .text.flash_icache_disable
                0x08000740       0x14 ../libopencm3/lib/libopencm3_stm32f4.a(flash_common_idcache.o)
                0x08000740                flash_icache_disable
 .text.pwr_set_vos_scale
                0x08000754       0x10 ../libopencm3/lib/libopencm3_stm32f4.a(pwr.o)
                0x08000754                pwr_set_vos_scale
                0x08000764                        . = ALIGN (0x4)
 *(.rodata*)
 .rodata.rcc_hsi_configs
                0x08000764       0x70 ../libopencm3/lib/libopencm3_stm32f4.a(rcc.o)
                0x08000764                rcc_hsi_configs
                0x080007d4                        . = ALIGN (0x4)

.glue_7         0x080007d4        0x0
 .glue_7        0x080007d4        0x0 linker stubs

.glue_7t        0x080007d4        0x0
 .glue_7t       0x080007d4        0x0 linker stubs

.vfp11_veneer   0x080007d4        0x0
 .vfp11_veneer  0x080007d4        0x0 linker stubs

.v4_bx          0x080007d4        0x0
 .v4_bx         0x080007d4        0x0 linker stubs

.iplt           0x080007d4        0x0
 .iplt          0x080007d4        0x0 src/firmware.o

.rel.dyn        0x080007d4        0x0
 .rel.iplt      0x080007d4        0x0 src/firmware.o

.preinit_array  0x080007d4        0x0
                0x080007d4                        . = ALIGN (0x4)
                0x080007d4                        __preinit_array_start = .
 *(.preinit_array)
                0x080007d4                        __preinit_array_end = .

.init_array     0x080007d4        0x0
                0x080007d4                        . = ALIGN (0x4)
                0x080007d4                        __init_array_start = .
 *(SORT_BY_NAME(.init_array.*))
 *(.init_array)
                0x080007d4                        __init_array_end = .

.fini_array     0x080007d4        0x0
                0x080007d4                        . = ALIGN (0x4)
                0x080007d4                        __fini_array_start = .
 *(.fini_array)
 *(SORT_BY_NAME(.fini_array.*))
                0x080007d4                        __fini_array_end = .

.ARM.extab
 *(.ARM.extab*)

.ARM.exidx      0x080007d4        0x0
                0x080007d4                        __exidx_start = .
 *(.ARM.exidx*)
                0x080007d4                        __exidx_end = .
                0x080007d4                        . = ALIGN (0x4)
                0x080007d4                        _etext = .

.noinit
 *(.noinit*)
                0x080007d4                        . = ALIGN (0x4)

.data           0x20000000        0xc load address 0x080007d4
                0x20000000                        _data = .
 *(.data*)
 .data.rcc_apb2_frequency
                0x20000000        0x4 ../libopencm3/lib/libopencm3_stm32f4.a(rcc.o)
                0x20000000                rcc_apb2_frequency
 .data.rcc_apb1_frequency
                0x20000004        0x4 ../libopencm3/lib/libopencm3_stm32f4.a(rcc.o)
                0x20000004                rcc_apb1_frequency
 .data.rcc_ahb_frequency
                0x20000008        0x4 ../libopencm3/lib/libopencm3_stm32f4.a(rcc.o)
                0x20000008                rcc_ahb_frequency
 *(.ramtext*)
                0x2000000c                        . = ALIGN (0x4)
                0x2000000c                        _edata = .
                0x080007d4                        _data_loadaddr = LOADADDR (.data)

.igot.plt       0x2000000c        0x0 load address 0x080007e0
 .igot.plt      0x2000000c        0x0 src/firmware.o

.bss            0x20000010        0x8 load address 0x080007e0
 *(.bss*)
 .bss.ticks     0x20000010        0x8 src/core/system.o
 *(COMMON)
                0x20000018                        . = ALIGN (0x4)
                0x20000018                        _ebss = .

/DISCARD/
 *(.eh_frame)
                0x20000018                        . = ALIGN (0x4)
                0x20000018                        end = .
                0x20018000                        PROVIDE (_stack = (ORIGIN (ram) + LENGTH (ram)))
OUTPUT(firmware.elf elf32-littlearm)
LOAD linker stubs

.debug_info     0x00000000     0x2e4b
 .debug_info    0x00000000      0x5f8 src/firmware.o
 .debug_info    0x000005f8      0x2ea src/core/system.o
 .debug_info    0x000008e2      0x256 ../libopencm3/lib/libopencm3_stm32f4.a(gpio_common_all.o)
 .debug_info    0x00000b38      0x21b ../libopencm3/lib/libopencm3_stm32f4.a(gpio_common_f0234.o)
 .debug_info    0x00000d53      0x932 ../libopencm3/lib/libopencm3_stm32f4.a(rcc_common_all.o)
 .debug_info    0x00001685      0xfa1 ../libopencm3/lib/libopencm3_stm32f4.a(rcc.o)
 .debug_info    0x00002626      0x2d9 ../libopencm3/lib/libopencm3_stm32f4.a(vector.o)
 .debug_info    0x000028ff      0x28f ../libopencm3/lib/libopencm3_stm32f4.a(systick.o)
 .debug_info    0x00002b8e       0xf1 ../libopencm3/lib/libopencm3_stm32f4.a(flash_common_all.o)
 .debug_info    0x00002c7f       0xe9 ../libopencm3/lib/libopencm3_stm32f4.a(flash_common_idcache.o)
 .debug_info    0x00002d68       0xe3 ../libopencm3/lib/libopencm3_stm32f4.a(pwr.o)

.debug_abbrev   0x00000000      0xd75
 .debug_abbrev  0x00000000      0x132 src/firmware.o
 .debug_abbrev  0x00000132      0x1dd src/core/system.o
 .debug_abbrev  0x0000030f      0x115 ../libopencm3/lib/libopencm3_stm32f4.a(gpio_common_all.o)
 .debug_abbrev  0x00000424       0xc2 ../libopencm3/lib/libopencm3_stm32f4.a(gpio_common_f0234.o)
 .debug_abbrev  0x000004e6      0x185 ../libopencm3/lib/libopencm3_stm32f4.a(rcc_common_all.o)
 .debug_abbrev  0x0000066b      0x2da ../libopencm3/lib/libopencm3_stm32f4.a(rcc.o)
 .debug_abbrev  0x00000945      0x15f ../libopencm3/lib/libopencm3_stm32f4.a(vector.o)
 .debug_abbrev  0x00000aa4      0x14e ../libopencm3/lib/libopencm3_stm32f4.a(systick.o)
 .debug_abbrev  0x00000bf2       0x96 ../libopencm3/lib/libopencm3_stm32f4.a(flash_common_all.o)
 .debug_abbrev  0x00000c88       0x56 ../libopencm3/lib/libopencm3_stm32f4.a(flash_common_idcache.o)
 .debug_abbrev  0x00000cde       0x97 ../libopencm3/lib/libopencm3_stm32f4.a(pwr.o)

.debug_loclists
                0x00000000      0x9f5
 .debug_loclists
                0x00000000       0x2a src/firmware.o
 .debug_loclists
                0x0000002a       0x96 ../libopencm3/lib/libopencm3_stm32f4.a(gpio_common_all.o)
 .debug_loclists
                0x000000c0       0xf9 ../libopencm3/lib/libopencm3_stm32f4.a(gpio_common_f0234.o)
 .debug_loclists
                0x000001b9       0x87 ../libopencm3/lib/libopencm3_stm32f4.a(rcc_common_all.o)
 .debug_loclists
                0x00000240      0x52f ../libopencm3/lib/libopencm3_stm32f4.a(rcc.o)
 .debug_loclists
                0x0000076f       0xb6 ../libopencm3/lib/libopencm3_stm32f4.a(vector.o)
 .debug_loclists
                0x00000825      0x192 ../libopencm3/lib/libopencm3_stm32f4.a(systick.o)
 .debug_loclists
                0x000009b7       0x17 ../libopencm3/lib/libopencm3_stm32f4.a(flash_common_all.o)
 .debug_loclists
                0x000009ce       0x27 ../libopencm3/lib/libopencm3_stm32f4.a(pwr.o)

.debug_aranges  0x00000000      0x3a8
 .debug_aranges
                0x00000000       0x20 src/firmware.o
 .debug_aranges
                0x00000020       0x30 src/core/system.o
 .debug_aranges
                0x00000050       0x50 ../libopencm3/lib/libopencm3_stm32f4.a(gpio_common_all.o)
 .debug_aranges
                0x000000a0       0x30 ../libopencm3/lib/libopencm3_stm32f4.a(gpio_common_f0234.o)
 .debug_aranges
                0x000000d0       0x80 ../libopencm3/lib/libopencm3_stm32f4.a(rcc_common_all.o)
 .debug_aranges
                0x00000150      0x110 ../libopencm3/lib/libopencm3_stm32f4.a(rcc.o)
 .debug_aranges
                0x00000260       0x30 ../libopencm3/lib/libopencm3_stm32f4.a(vector.o)
 .debug_aranges
                0x00000290       0x78 ../libopencm3/lib/libopencm3_stm32f4.a(systick.o)
 .debug_aranges
                0x00000308       0x38 ../libopencm3/lib/libopencm3_stm32f4.a(flash_common_all.o)
 .debug_aranges
                0x00000340       0x48 ../libopencm3/lib/libopencm3_stm32f4.a(flash_common_idcache.o)
 .debug_aranges
                0x00000388       0x20 ../libopencm3/lib/libopencm3_stm32f4.a(pwr.o)

.debug_rnglists
                0x00000000      0x2d1
 .debug_rnglists
                0x00000000       0x1f src/firmware.o
 .debug_rnglists
                0x0000001f       0x37 src/core/system.o
 .debug_rnglists
                0x00000056       0x37 ../libopencm3/lib/libopencm3_stm32f4.a(gpio_common_all.o)
 .debug_rnglists
                0x0000008d       0x1f ../libopencm3/lib/libopencm3_stm32f4.a(gpio_common_f0234.o)
 .debug_rnglists
                0x000000ac       0x5b ../libopencm3/lib/libopencm3_stm32f4.a(rcc_common_all.o)
 .debug_rnglists
                0x00000107       0xe0 ../libopencm3/lib/libopencm3_stm32f4.a(rcc.o)
 .debug_rnglists
                0x000001e7       0x20 ../libopencm3/lib/libopencm3_stm32f4.a(vector.o)
 .debug_rnglists
                0x00000207       0x61 ../libopencm3/lib/libopencm3_stm32f4.a(systick.o)
 .debug_rnglists
                0x00000268       0x25 ../libopencm3/lib/libopencm3_stm32f4.a(flash_common_all.o)
 .debug_rnglists
                0x0000028d       0x31 ../libopencm3/lib/libopencm3_stm32f4.a(flash_common_idcache.o)
 .debug_rnglists
                0x000002be       0x13 ../libopencm3/lib/libopencm3_stm32f4.a(pwr.o)

.debug_macro    0x00000000     0x4a1f
 .debug_macro   0x00000000       0xe7 src/firmware.o
 .debug_macro   0x000000e7      0xacc src/firmware.o
 .debug_macro   0x00000bb3       0x1c src/firmware.o
 .debug_macro   0x00000bcf      0x34e src/firmware.o
 .debug_macro   0x00000f1d       0x22 src/firmware.o
 .debug_macro   0x00000f3f       0xe8 src/firmware.o
 .debug_macro   0x00001027       0x76 src/firmware.o
 .debug_macro   0x0000109d      0x280 src/firmware.o
 .debug_macro   0x0000131d       0x76 src/firmware.o
 .debug_macro   0x00001393      0x37e src/firmware.o
 .debug_macro   0x00001711       0xca src/firmware.o
 .debug_macro   0x000017db       0x8e src/firmware.o
 .debug_macro   0x00001869       0x46 src/firmware.o
 .debug_macro   0x000018af      0xcea src/firmware.o
 .debug_macro   0x00002599       0x10 src/firmware.o
 .debug_macro   0x000025a9       0xd5 src/core/system.o
 .debug_macro   0x0000267e      0x100 src/core/system.o
 .debug_macro   0x0000277e       0x6f src/core/system.o
 .debug_macro   0x000027ed       0x6e src/core/system.o
 .debug_macro   0x0000285b      0x22c src/core/system.o
 .debug_macro   0x00002a87       0xd1 ../libopencm3/lib/libopencm3_stm32f4.a(gpio_common_all.o)
 .debug_macro   0x00002b58      0xacc ../libopencm3/lib/libopencm3_stm32f4.a(gpio_common_all.o)
 .debug_macro   0x00003624       0x22 ../libopencm3/lib/libopencm3_stm32f4.a(gpio_common_all.o)
 .debug_macro   0x00003646       0x56 ../libopencm3/lib/libopencm3_stm32f4.a(gpio_common_all.o)
 .debug_macro   0x0000369c       0x51 ../libopencm3/lib/libopencm3_stm32f4.a(gpio_common_all.o)
 .debug_macro   0x000036ed      0x103 ../libopencm3/lib/libopencm3_stm32f4.a(gpio_common_all.o)
 .debug_macro   0x000037f0       0x6a ../libopencm3/lib/libopencm3_stm32f4.a(gpio_common_all.o)
 .debug_macro   0x0000385a      0x1df ../libopencm3/lib/libopencm3_stm32f4.a(gpio_common_all.o)
 .debug_macro   0x00003a39       0x76 ../libopencm3/lib/libopencm3_stm32f4.a(gpio_common_all.o)
 .debug_macro   0x00003aaf      0x280 ../libopencm3/lib/libopencm3_stm32f4.a(gpio_common_all.o)
 .debug_macro   0x00003d2f       0xd1 ../libopencm3/lib/libopencm3_stm32f4.a(gpio_common_f0234.o)
 .debug_macro   0x00003e00       0xf0 ../libopencm3/lib/libopencm3_stm32f4.a(rcc_common_all.o)
 .debug_macro   0x00003ef0      0x124 ../libopencm3/lib/libopencm3_stm32f4.a(rcc.o)
 .debug_macro   0x00004014       0x16 ../libopencm3/lib/libopencm3_stm32f4.a(rcc.o)
 .debug_macro   0x0000402a       0x1c ../libopencm3/lib/libopencm3_stm32f4.a(rcc.o)
 .debug_macro   0x00004046      0x143 ../libopencm3/lib/libopencm3_stm32f4.a(rcc.o)
 .debug_macro   0x00004189       0x10 ../libopencm3/lib/libopencm3_stm32f4.a(rcc.o)
 .debug_macro   0x00004199       0xd3 ../libopencm3/lib/libopencm3_stm32f4.a(vector.o)
 .debug_macro   0x0000426c      0x452 ../libopencm3/lib/libopencm3_stm32f4.a(vector.o)
 .debug_macro   0x000046be       0x92 ../libopencm3/lib/libopencm3_stm32f4.a(systick.o)
 .debug_macro   0x00004750       0x69 ../libopencm3/lib/libopencm3_stm32f4.a(systick.o)
 .debug_macro   0x000047b9       0xd7 ../libopencm3/lib/libopencm3_stm32f4.a(flash_common_all.o)
 .debug_macro   0x00004890       0xd7 ../libopencm3/lib/libopencm3_stm32f4.a(flash_common_idcache.o)
 .debug_macro   0x00004967       0xb8 ../libopencm3/lib/libopencm3_stm32f4.a(pwr.o)

.debug_line     0x00000000     0x3375
 .debug_line    0x00000000      0x278 src/firmware.o
 .debug_line    0x00000278      0x2a3 src/core/system.o
 .debug_line    0x0000051b      0x468 ../libopencm3/lib/libopencm3_stm32f4.a(gpio_common_all.o)
 .debug_line    0x00000983      0x543 ../libopencm3/lib/libopencm3_stm32f4.a(gpio_common_f0234.o)
 .debug_line    0x00000ec6      0x506 ../libopencm3/lib/libopencm3_stm32f4.a(rcc_common_all.o)
 .debug_line    0x000013cc      0xb6f ../libopencm3/lib/libopencm3_stm32f4.a(rcc.o)
 .debug_line    0x00001f3b      0x49c ../libopencm3/lib/libopencm3_stm32f4.a(vector.o)
 .debug_line    0x000023d7      0x430 ../libopencm3/lib/libopencm3_stm32f4.a(systick.o)
 .debug_line    0x00002807      0x408 ../libopencm3/lib/libopencm3_stm32f4.a(flash_common_all.o)
 .debug_line    0x00002c0f      0x421 ../libopencm3/lib/libopencm3_stm32f4.a(flash_common_idcache.o)
 .debug_line    0x00003030      0x345 ../libopencm3/lib/libopencm3_stm32f4.a(pwr.o)

.debug_str      0x00000000     0xf714
 .debug_str     0x00000000     0xf714 src/firmware.o
                               0xa6a6 (size before relaxing)
 .debug_str     0x0000f714     0x9aad src/core/system.o
 .debug_str     0x0000f714     0x6711 ../libopencm3/lib/libopencm3_stm32f4.a(gpio_common_all.o)
 .debug_str     0x0000f714     0x6733 ../libopencm3/lib/libopencm3_stm32f4.a(gpio_common_f0234.o)
 .debug_str     0x0000f714     0x9ad0 ../libopencm3/lib/libopencm3_stm32f4.a(rcc_common_all.o)
 .debug_str     0x0000f714     0xa345 ../libopencm3/lib/libopencm3_stm32f4.a(rcc.o)
 .debug_str     0x0000f714     0x6fc6 ../libopencm3/lib/libopencm3_stm32f4.a(vector.o)
 .debug_str     0x0000f714     0x4629 ../libopencm3/lib/libopencm3_stm32f4.a(systick.o)
 .debug_str     0x0000f714     0x5a68 ../libopencm3/lib/libopencm3_stm32f4.a(flash_common_all.o)
 .debug_str     0x0000f714     0x5a8a ../libopencm3/lib/libopencm3_stm32f4.a(flash_common_idcache.o)
 .debug_str     0x0000f714     0x56e4 ../libopencm3/lib/libopencm3_stm32f4.a(pwr.o)

.comment        0x00000000       0x6b
 .comment       0x00000000       0x6b src/firmware.o
                                 0x27 (size before relaxing)
 .comment       0x0000006b       0x27 src/core/system.o
 .comment       0x0000006b       0x46 ../libopencm3/lib/libopencm3_stm32f4.a(gpio_common_all.o)
 .comment       0x0000006b       0x46 ../libopencm3/lib/libopencm3_stm32f4.a(gpio_common_f0234.o)
 .comment       0x0000006b       0x46 ../libopencm3/lib/libopencm3_stm32f4.a(rcc_common_all.o)
 .comment       0x0000006b       0x46 ../libopencm3/lib/libopencm3_stm32f4.a(rcc.o)
 .comment       0x0000006b       0x46 ../libopencm3/lib/libopencm3_stm32f4.a(vector.o)
 .comment       0x0000006b       0x46 ../libopencm3/lib/libopencm3_stm32f4.a(systick.o)
 .comment       0x0000006b       0x46 ../libopencm3/lib/libopencm3_stm32f4.a(flash_common_all.o)
 .comment       0x0000006b       0x46 ../libopencm3/lib/libopencm3_stm32f4.a(flash_common_idcache.o)
 .comment       0x0000006b       0x46 ../libopencm3/lib/libopencm3_stm32f4.a(pwr.o)

.ARM.attributes
                0x00000000       0x34
 .ARM.attributes
                0x00000000       0x34 src/firmware.o
 .ARM.attributes
                0x00000034       0x34 src/core/system.o
 .ARM.attributes
                0x00000068       0x34 ../libopencm3/lib/libopencm3_stm32f4.a(gpio_common_all.o)
 .ARM.attributes
                0x0000009c       0x34 ../libopencm3/lib/libopencm3_stm32f4.a(gpio_common_f0234.o)
 .ARM.attributes
                0x000000d0       0x34 ../libopencm3/lib/libopencm3_stm32f4.a(rcc_common_all.o)
 .ARM.attributes
                0x00000104       0x34 ../libopencm3/lib/libopencm3_stm32f4.a(rcc.o)
 .ARM.attributes
                0x00000138       0x34 ../libopencm3/lib/libopencm3_stm32f4.a(vector.o)
 .ARM.attributes
                0x0000016c       0x34 ../libopencm3/lib/libopencm3_stm32f4.a(systick.o)
 .ARM.attributes
                0x000001a0       0x34 ../libopencm3/lib/libopencm3_stm32f4.a(flash_common_all.o)
 .ARM.attributes
                0x000001d4       0x34 ../libopencm3/lib/libopencm3_stm32f4.a(flash_common_idcache.o)
 .ARM.attributes
                0x00000208       0x34 ../libopencm3/lib/libopencm3_stm32f4.a(pwr.o)

.debug_frame    0x00000000      0x688
 .debug_frame   0x00000000       0x2c src/firmware.o
 .debug_frame   0x0000002c       0x54 src/core/system.o
 .debug_frame   0x00000080       0x80 ../libopencm3/lib/libopencm3_stm32f4.a(gpio_common_all.o)
 .debug_frame   0x00000100       0x70 ../libopencm3/lib/libopencm3_stm32f4.a(gpio_common_f0234.o)
 .debug_frame   0x00000170       0xe0 ../libopencm3/lib/libopencm3_stm32f4.a(rcc_common_all.o)
 .debug_frame   0x00000250      0x234 ../libopencm3/lib/libopencm3_stm32f4.a(rcc.o)
 .debug_frame   0x00000484       0x4c ../libopencm3/lib/libopencm3_stm32f4.a(vector.o)
 .debug_frame   0x000004d0       0xd8 ../libopencm3/lib/libopencm3_stm32f4.a(systick.o)
 .debug_frame   0x000005a8       0x50 ../libopencm3/lib/libopencm3_stm32f4.a(flash_common_all.o)
 .debug_frame   0x000005f8       0x70 ../libopencm3/lib/libopencm3_stm32f4.a(flash_common_idcache.o)
 .debug_frame   0x00000668       0x20 ../libopencm3/lib/libopencm3_stm32f4.a(pwr.o)

Cross Reference Table

Symbol                                            File
__fini_array_end                                  ../libopencm3/lib/libopencm3_stm32f4.a(vector.o)
__fini_array_start                                ../libopencm3/lib/libopencm3_stm32f4.a(vector.o)
__init_array_end                                  ../libopencm3/lib/libopencm3_stm32f4.a(vector.o)
__init_array_start                                ../libopencm3/lib/libopencm3_stm32f4.a(vector.o)
__preinit_array_end                               ../libopencm3/lib/libopencm3_stm32f4.a(vector.o)
__preinit_array_start                             ../libopencm3/lib/libopencm3_stm32f4.a(vector.o)
_data                                             ../libopencm3/lib/libopencm3_stm32f4.a(vector.o)
_data_loadaddr                                    ../libopencm3/lib/libopencm3_stm32f4.a(vector.o)
_ebss                                             ../libopencm3/lib/libopencm3_stm32f4.a(vector.o)
_edata                                            ../libopencm3/lib/libopencm3_stm32f4.a(vector.o)
_stack                                            ../libopencm3/lib/libopencm3_stm32f4.a(vector.o)
adc_isr                                           ../libopencm3/lib/libopencm3_stm32f4.a(vector.o)
blocking_handler                                  ../libopencm3/lib/libopencm3_stm32f4.a(vector.o)
bus_fault_handler                                 ../libopencm3/lib/libopencm3_stm32f4.a(vector.o)
can1_rx0_isr                                      ../libopencm3/lib/libopencm3_stm32f4.a(vector.o)
can1_rx1_isr                                      ../libopencm3/lib/libopencm3_stm32f4.a(vector.o)
can1_sce_isr                                      ../libopencm3/lib/libopencm3_stm32f4.a(vector.o)
can1_tx_isr                                       ../libopencm3/lib/libopencm3_stm32f4.a(vector.o)
can2_rx0_isr                                      ../libopencm3/lib/libopencm3_stm32f4.a(vector.o)
can2_rx1_isr                                      ../libopencm3/lib/libopencm3_stm32f4.a(vector.o)
can2_sce_isr                                      ../libopencm3/lib/libopencm3_stm32f4.a(vector.o)
can2_tx_isr                                       ../libopencm3/lib/libopencm3_stm32f4.a(vector.o)
cryp_isr                                          ../libopencm3/lib/libopencm3_stm32f4.a(vector.o)
dcmi_isr                                          ../libopencm3/lib/libopencm3_stm32f4.a(vector.o)
debug_monitor_handler                             ../libopencm3/lib/libopencm3_stm32f4.a(vector.o)
dma1_stream0_isr                                  ../libopencm3/lib/libopencm3_stm32f4.a(vector.o)
dma1_stream1_isr                                  ../libopencm3/lib/libopencm3_stm32f4.a(vector.o)
dma1_stream2_isr                                  ../libopencm3/lib/libopencm3_stm32f4.a(vector.o)
dma1_stream3_isr                                  ../libopencm3/lib/libopencm3_stm32f4.a(vector.o)
dma1_stream4_isr                                  ../libopencm3/lib/libopencm3_stm32f4.a(vector.o)
dma1_stream5_isr                                  ../libopencm3/lib/libopencm3_stm32f4.a(vector.o)
dma1_stream6_isr                                  ../libopencm3/lib/libopencm3_stm32f4.a(vector.o)
dma1_stream7_isr                                  ../libopencm3/lib/libopencm3_stm32f4.a(vector.o)
dma2_stream0_isr                                  ../libopencm3/lib/libopencm3_stm32f4.a(vector.o)
dma2_stream1_isr                                  ../libopencm3/lib/libopencm3_stm32f4.a(vector.o)
dma2_stream2_isr                                  ../libopencm3/lib/libopencm3_stm32f4.a(vector.o)
dma2_stream3_isr                                  ../libopencm3/lib/libopencm3_stm32f4.a(vector.o)
dma2_stream4_isr                                  ../libopencm3/lib/libopencm3_stm32f4.a(vector.o)
dma2_stream5_isr                                  ../libopencm3/lib/libopencm3_stm32f4.a(vector.o)
dma2_stream6_isr                                  ../libopencm3/lib/libopencm3_stm32f4.a(vector.o)
dma2_stream7_isr                                  ../libopencm3/lib/libopencm3_stm32f4.a(vector.o)
dma2d_isr                                         ../libopencm3/lib/libopencm3_stm32f4.a(vector.o)
eth_isr                                           ../libopencm3/lib/libopencm3_stm32f4.a(vector.o)
eth_wkup_isr                                      ../libopencm3/lib/libopencm3_stm32f4.a(vector.o)
exti0_isr                                         ../libopencm3/lib/libopencm3_stm32f4.a(vector.o)
exti15_10_isr                                     ../libopencm3/lib/libopencm3_stm32f4.a(vector.o)
exti1_isr                                         ../libopencm3/lib/libopencm3_stm32f4.a(vector.o)
exti2_isr                                         ../libopencm3/lib/libopencm3_stm32f4.a(vector.o)
exti3_isr                                         ../libopencm3/lib/libopencm3_stm32f4.a(vector.o)
exti4_isr                                         ../libopencm3/lib/libopencm3_stm32f4.a(vector.o)
exti9_5_isr                                       ../libopencm3/lib/libopencm3_stm32f4.a(vector.o)
flash_dcache_disable                              ../libopencm3/lib/libopencm3_stm32f4.a(flash_common_idcache.o)
                                                  ../libopencm3/lib/libopencm3_stm32f4.a(rcc.o)
flash_dcache_enable                               ../libopencm3/lib/libopencm3_stm32f4.a(flash_common_idcache.o)
                                                  ../libopencm3/lib/libopencm3_stm32f4.a(rcc.o)
flash_dcache_reset                                ../libopencm3/lib/libopencm3_stm32f4.a(flash_common_idcache.o)
flash_icache_disable                              ../libopencm3/lib/libopencm3_stm32f4.a(flash_common_idcache.o)
                                                  ../libopencm3/lib/libopencm3_stm32f4.a(rcc.o)
flash_icache_enable                               ../libopencm3/lib/libopencm3_stm32f4.a(flash_common_idcache.o)
                                                  ../libopencm3/lib/libopencm3_stm32f4.a(rcc.o)
flash_icache_reset                                ../libopencm3/lib/libopencm3_stm32f4.a(flash_common_idcache.o)
flash_isr                                         ../libopencm3/lib/libopencm3_stm32f4.a(vector.o)
flash_prefetch_disable                            ../libopencm3/lib/libopencm3_stm32f4.a(flash_common_all.o)
flash_prefetch_enable                             ../libopencm3/lib/libopencm3_stm32f4.a(flash_common_all.o)
flash_set_ws                                      ../libopencm3/lib/libopencm3_stm32f4.a(flash_common_all.o)
                                                  ../libopencm3/lib/libopencm3_stm32f4.a(rcc.o)
flash_unlock_option_bytes                         ../libopencm3/lib/libopencm3_stm32f4.a(flash_common_all.o)
fpu_isr                                           ../libopencm3/lib/libopencm3_stm32f4.a(vector.o)
fsmc_isr                                          ../libopencm3/lib/libopencm3_stm32f4.a(vector.o)
gpio_clear                                        ../libopencm3/lib/libopencm3_stm32f4.a(gpio_common_all.o)
gpio_get                                          ../libopencm3/lib/libopencm3_stm32f4.a(gpio_common_all.o)
gpio_mode_setup                                   ../libopencm3/lib/libopencm3_stm32f4.a(gpio_common_f0234.o)
                                                  src/firmware.o
gpio_port_config_lock                             ../libopencm3/lib/libopencm3_stm32f4.a(gpio_common_all.o)
gpio_port_read                                    ../libopencm3/lib/libopencm3_stm32f4.a(gpio_common_all.o)
gpio_port_write                                   ../libopencm3/lib/libopencm3_stm32f4.a(gpio_common_all.o)
gpio_set                                          ../libopencm3/lib/libopencm3_stm32f4.a(gpio_common_all.o)
gpio_set_af                                       ../libopencm3/lib/libopencm3_stm32f4.a(gpio_common_f0234.o)
gpio_set_output_options                           ../libopencm3/lib/libopencm3_stm32f4.a(gpio_common_f0234.o)
gpio_toggle                                       ../libopencm3/lib/libopencm3_stm32f4.a(gpio_common_all.o)
                                                  src/firmware.o
hard_fault_handler                                ../libopencm3/lib/libopencm3_stm32f4.a(vector.o)
hash_rng_isr                                      ../libopencm3/lib/libopencm3_stm32f4.a(vector.o)
i2c1_er_isr                                       ../libopencm3/lib/libopencm3_stm32f4.a(vector.o)
i2c1_ev_isr                                       ../libopencm3/lib/libopencm3_stm32f4.a(vector.o)
i2c2_er_isr                                       ../libopencm3/lib/libopencm3_stm32f4.a(vector.o)
i2c2_ev_isr                                       ../libopencm3/lib/libopencm3_stm32f4.a(vector.o)
i2c3_er_isr                                       ../libopencm3/lib/libopencm3_stm32f4.a(vector.o)
i2c3_ev_isr                                       ../libopencm3/lib/libopencm3_stm32f4.a(vector.o)
lcd_tft_err_isr                                   ../libopencm3/lib/libopencm3_stm32f4.a(vector.o)
lcd_tft_isr                                       ../libopencm3/lib/libopencm3_stm32f4.a(vector.o)
main                                              src/firmware.o
                                                  ../libopencm3/lib/libopencm3_stm32f4.a(vector.o)
mem_manage_handler                                ../libopencm3/lib/libopencm3_stm32f4.a(vector.o)
nmi_handler                                       ../libopencm3/lib/libopencm3_stm32f4.a(vector.o)
null_handler                                      ../libopencm3/lib/libopencm3_stm32f4.a(vector.o)
nvic_wwdg_isr                                     ../libopencm3/lib/libopencm3_stm32f4.a(vector.o)
otg_fs_isr                                        ../libopencm3/lib/libopencm3_stm32f4.a(vector.o)
otg_hs_ep1_in_isr                                 ../libopencm3/lib/libopencm3_stm32f4.a(vector.o)
otg_hs_ep1_out_isr                                ../libopencm3/lib/libopencm3_stm32f4.a(vector.o)
otg_hs_isr                                        ../libopencm3/lib/libopencm3_stm32f4.a(vector.o)
otg_hs_wkup_isr                                   ../libopencm3/lib/libopencm3_stm32f4.a(vector.o)
pend_sv_handler                                   ../libopencm3/lib/libopencm3_stm32f4.a(vector.o)
pvd_isr                                           ../libopencm3/lib/libopencm3_stm32f4.a(vector.o)
pwr_set_vos_scale                                 ../libopencm3/lib/libopencm3_stm32f4.a(pwr.o)
                                                  ../libopencm3/lib/libopencm3_stm32f4.a(rcc.o)
rcc_ahb_frequency                                 ../libopencm3/lib/libopencm3_stm32f4.a(rcc.o)
rcc_apb1_frequency                                ../libopencm3/lib/libopencm3_stm32f4.a(rcc.o)
rcc_apb2_frequency                                ../libopencm3/lib/libopencm3_stm32f4.a(rcc.o)
rcc_clock_setup_hse_3v3                           ../libopencm3/lib/libopencm3_stm32f4.a(rcc.o)
rcc_clock_setup_pll                               ../libopencm3/lib/libopencm3_stm32f4.a(rcc.o)
                                                  src/core/system.o
rcc_css_disable                                   ../libopencm3/lib/libopencm3_stm32f4.a(rcc.o)
rcc_css_enable                                    ../libopencm3/lib/libopencm3_stm32f4.a(rcc.o)
rcc_css_int_clear                                 ../libopencm3/lib/libopencm3_stm32f4.a(rcc.o)
rcc_css_int_flag                                  ../libopencm3/lib/libopencm3_stm32f4.a(rcc.o)
rcc_get_div_from_hpre                             ../libopencm3/lib/libopencm3_stm32f4.a(rcc_common_all.o)
rcc_get_i2c_clk_freq                              ../libopencm3/lib/libopencm3_stm32f4.a(rcc.o)
rcc_get_spi_clk_freq                              ../libopencm3/lib/libopencm3_stm32f4.a(rcc.o)
rcc_get_timer_clk_freq                            ../libopencm3/lib/libopencm3_stm32f4.a(rcc.o)
rcc_get_usart_clk_freq                            ../libopencm3/lib/libopencm3_stm32f4.a(rcc.o)
rcc_hse_12mhz_3v3                                 ../libopencm3/lib/libopencm3_stm32f4.a(rcc.o)
rcc_hse_16mhz_3v3                                 ../libopencm3/lib/libopencm3_stm32f4.a(rcc.o)
rcc_hse_25mhz_3v3                                 ../libopencm3/lib/libopencm3_stm32f4.a(rcc.o)
rcc_hse_8mhz_3v3                                  ../libopencm3/lib/libopencm3_stm32f4.a(rcc.o)
rcc_hsi_configs                                   ../libopencm3/lib/libopencm3_stm32f4.a(rcc.o)
                                                  src/core/system.o
rcc_is_osc_ready                                  ../libopencm3/lib/libopencm3_stm32f4.a(rcc.o)
rcc_isr                                           ../libopencm3/lib/libopencm3_stm32f4.a(vector.o)
rcc_osc_bypass_disable                            ../libopencm3/lib/libopencm3_stm32f4.a(rcc_common_all.o)
rcc_osc_bypass_enable                             ../libopencm3/lib/libopencm3_stm32f4.a(rcc_common_all.o)
rcc_osc_off                                       ../libopencm3/lib/libopencm3_stm32f4.a(rcc.o)
rcc_osc_on                                        ../libopencm3/lib/libopencm3_stm32f4.a(rcc.o)
rcc_osc_ready_int_clear                           ../libopencm3/lib/libopencm3_stm32f4.a(rcc.o)
rcc_osc_ready_int_disable                         ../libopencm3/lib/libopencm3_stm32f4.a(rcc.o)
rcc_osc_ready_int_enable                          ../libopencm3/lib/libopencm3_stm32f4.a(rcc.o)
rcc_osc_ready_int_flag                            ../libopencm3/lib/libopencm3_stm32f4.a(rcc.o)
rcc_periph_clock_disable                          ../libopencm3/lib/libopencm3_stm32f4.a(rcc_common_all.o)
rcc_periph_clock_enable                           ../libopencm3/lib/libopencm3_stm32f4.a(rcc_common_all.o)
                                                  ../libopencm3/lib/libopencm3_stm32f4.a(rcc.o)
                                                  src/firmware.o
rcc_periph_reset_hold                             ../libopencm3/lib/libopencm3_stm32f4.a(rcc_common_all.o)
rcc_periph_reset_pulse                            ../libopencm3/lib/libopencm3_stm32f4.a(rcc_common_all.o)
rcc_periph_reset_release                          ../libopencm3/lib/libopencm3_stm32f4.a(rcc_common_all.o)
rcc_peripheral_clear_reset                        ../libopencm3/lib/libopencm3_stm32f4.a(rcc_common_all.o)
rcc_peripheral_disable_clock                      ../libopencm3/lib/libopencm3_stm32f4.a(rcc_common_all.o)
rcc_peripheral_enable_clock                       ../libopencm3/lib/libopencm3_stm32f4.a(rcc_common_all.o)
rcc_peripheral_reset                              ../libopencm3/lib/libopencm3_stm32f4.a(rcc_common_all.o)
rcc_plli2s_config                                 ../libopencm3/lib/libopencm3_stm32f4.a(rcc.o)
rcc_pllsai_config                                 ../libopencm3/lib/libopencm3_stm32f4.a(rcc.o)
rcc_pllsai_postscalers                            ../libopencm3/lib/libopencm3_stm32f4.a(rcc.o)
rcc_set_hpre                                      ../libopencm3/lib/libopencm3_stm32f4.a(rcc.o)
rcc_set_main_pll_hse                              ../libopencm3/lib/libopencm3_stm32f4.a(rcc.o)
rcc_set_main_pll_hsi                              ../libopencm3/lib/libopencm3_stm32f4.a(rcc.o)
rcc_set_mco                                       ../libopencm3/lib/libopencm3_stm32f4.a(rcc_common_all.o)
rcc_set_pll_source                                ../libopencm3/lib/libopencm3_stm32f4.a(rcc.o)
rcc_set_ppre1                                     ../libopencm3/lib/libopencm3_stm32f4.a(rcc.o)
rcc_set_ppre2                                     ../libopencm3/lib/libopencm3_stm32f4.a(rcc.o)
rcc_set_rtcpre                                    ../libopencm3/lib/libopencm3_stm32f4.a(rcc.o)
rcc_set_sysclk_source                             ../libopencm3/lib/libopencm3_stm32f4.a(rcc.o)
rcc_system_clock_source                           ../libopencm3/lib/libopencm3_stm32f4.a(rcc.o)
rcc_wait_for_osc_ready                            ../libopencm3/lib/libopencm3_stm32f4.a(rcc.o)
rcc_wait_for_sysclk_status                        ../libopencm3/lib/libopencm3_stm32f4.a(rcc.o)
reset_handler                                     ../libopencm3/lib/libopencm3_stm32f4.a(vector.o)
rtc_alarm_isr                                     ../libopencm3/lib/libopencm3_stm32f4.a(vector.o)
rtc_wkup_isr                                      ../libopencm3/lib/libopencm3_stm32f4.a(vector.o)
sai1_isr                                          ../libopencm3/lib/libopencm3_stm32f4.a(vector.o)
sdio_isr                                          ../libopencm3/lib/libopencm3_stm32f4.a(vector.o)
spi1_isr                                          ../libopencm3/lib/libopencm3_stm32f4.a(vector.o)
spi2_isr                                          ../libopencm3/lib/libopencm3_stm32f4.a(vector.o)
spi3_isr                                          ../libopencm3/lib/libopencm3_stm32f4.a(vector.o)
spi4_isr                                          ../libopencm3/lib/libopencm3_stm32f4.a(vector.o)
spi5_isr                                          ../libopencm3/lib/libopencm3_stm32f4.a(vector.o)
spi6_isr                                          ../libopencm3/lib/libopencm3_stm32f4.a(vector.o)
sv_call_handler                                   ../libopencm3/lib/libopencm3_stm32f4.a(vector.o)
sys_tick_handler                                  src/core/system.o
system_get_ticks                                  src/core/system.o
                                                  src/firmware.o
system_setup                                      src/core/system.o
                                                  src/firmware.o
systick_clear                                     ../libopencm3/lib/libopencm3_stm32f4.a(systick.o)
systick_counter_disable                           ../libopencm3/lib/libopencm3_stm32f4.a(systick.o)
systick_counter_enable                            ../libopencm3/lib/libopencm3_stm32f4.a(systick.o)
                                                  src/core/system.o
systick_get_calib                                 ../libopencm3/lib/libopencm3_stm32f4.a(systick.o)
systick_get_countflag                             ../libopencm3/lib/libopencm3_stm32f4.a(systick.o)
systick_get_reload                                ../libopencm3/lib/libopencm3_stm32f4.a(systick.o)
systick_get_value                                 ../libopencm3/lib/libopencm3_stm32f4.a(systick.o)
systick_interrupt_disable                         ../libopencm3/lib/libopencm3_stm32f4.a(systick.o)
systick_interrupt_enable                          ../libopencm3/lib/libopencm3_stm32f4.a(systick.o)
                                                  src/core/system.o
systick_set_clocksource                           ../libopencm3/lib/libopencm3_stm32f4.a(systick.o)
systick_set_frequency                             ../libopencm3/lib/libopencm3_stm32f4.a(systick.o)
                                                  src/core/system.o
systick_set_reload                                ../libopencm3/lib/libopencm3_stm32f4.a(systick.o)
tamp_stamp_isr                                    ../libopencm3/lib/libopencm3_stm32f4.a(vector.o)
tim1_brk_tim9_isr                                 ../libopencm3/lib/libopencm3_stm32f4.a(vector.o)
tim1_cc_isr                                       ../libopencm3/lib/libopencm3_stm32f4.a(vector.o)
tim1_trg_com_tim11_isr                            ../libopencm3/lib/libopencm3_stm32f4.a(vector.o)
tim1_up_tim10_isr                                 ../libopencm3/lib/libopencm3_stm32f4.a(vector.o)
tim2_isr                                          ../libopencm3/lib/libopencm3_stm32f4.a(vector.o)
tim3_isr                                          ../libopencm3/lib/libopencm3_stm32f4.a(vector.o)
tim4_isr                                          ../libopencm3/lib/libopencm3_stm32f4.a(vector.o)
tim5_isr                                          ../libopencm3/lib/libopencm3_stm32f4.a(vector.o)
tim6_dac_isr                                      ../libopencm3/lib/libopencm3_stm32f4.a(vector.o)
tim7_isr                                          ../libopencm3/lib/libopencm3_stm32f4.a(vector.o)
tim8_brk_tim12_isr                                ../libopencm3/lib/libopencm3_stm32f4.a(vector.o)
tim8_cc_isr                                       ../libopencm3/lib/libopencm3_stm32f4.a(vector.o)
tim8_trg_com_tim14_isr                            ../libopencm3/lib/libopencm3_stm32f4.a(vector.o)
tim8_up_tim13_isr                                 ../libopencm3/lib/libopencm3_stm32f4.a(vector.o)
uart4_isr                                         ../libopencm3/lib/libopencm3_stm32f4.a(vector.o)
uart5_isr                                         ../libopencm3/lib/libopencm3_stm32f4.a(vector.o)
uart7_isr                                         ../libopencm3/lib/libopencm3_stm32f4.a(vector.o)
uart8_isr                                         ../libopencm3/lib/libopencm3_stm32f4.a(vector.o)
usage_fault_handler                               ../libopencm3/lib/libopencm3_stm32f4.a(vector.o)
usart1_isr                                        ../libopencm3/lib/libopencm3_stm32f4.a(vector.o)
usart2_isr                                        ../libopencm3/lib/libopencm3_stm32f4.a(vector.o)
usart3_isr                                        ../libopencm3/lib/libopencm3_stm32f4.a(vector.o)
usart6_isr                                        ../libopencm3/lib/libopencm3_stm32f4.a(vector.o)
usb_fs_wkup_isr                                   ../libopencm3/lib/libopencm3_stm32f4.a(vector.o)
vector_table                                      ../libopencm3/lib/libopencm3_stm32f4.a(vector.o)
