stm32wbxx_hal_cryp.c:441:19:HAL_CRYP_Init	16	static
stm32wbxx_hal_cryp.c:509:19:HAL_CRYP_DeInit	16	static
stm32wbxx_hal_cryp.c:562:19:HAL_CRYP_SetConfig	16	static
stm32wbxx_hal_cryp.c:633:19:HAL_CRYP_GetConfig	16	static
stm32wbxx_hal_cryp.c:685:13:HAL_CRYP_MspInit	16	static
stm32wbxx_hal_cryp.c:701:13:HAL_CRYP_MspDeInit	16	static
stm32wbxx_hal_cryp.c:1193:19:HAL_CRYP_Encrypt	32	static
stm32wbxx_hal_cryp.c:1293:19:HAL_CRYP_Decrypt	32	static
stm32wbxx_hal_cryp.c:1392:19:HAL_CRYP_Encrypt_IT	32	static
stm32wbxx_hal_cryp.c:1502:19:HAL_CRYP_Decrypt_IT	32	static
stm32wbxx_hal_cryp.c:1611:19:HAL_CRYP_Encrypt_DMA	40	static
stm32wbxx_hal_cryp.c:1738:19:HAL_CRYP_Decrypt_DMA	32	static
stm32wbxx_hal_cryp.c:1847:6:HAL_CRYP_IRQHandler	16	static
stm32wbxx_hal_cryp.c:1911:10:HAL_CRYP_GetError	16	static
stm32wbxx_hal_cryp.c:1922:23:HAL_CRYP_GetState	16	static
stm32wbxx_hal_cryp.c:1933:13:HAL_CRYP_InCpltCallback	16	static
stm32wbxx_hal_cryp.c:1949:13:HAL_CRYP_OutCpltCallback	16	static
stm32wbxx_hal_cryp.c:1965:13:HAL_CRYP_ErrorCallback	16	static
stm32wbxx_hal_cryp.c:1993:26:CRYP_AES_Encrypt	24	static
stm32wbxx_hal_cryp.c:2063:26:CRYP_AES_Encrypt_IT	24	static
stm32wbxx_hal_cryp.c:2140:26:CRYP_AES_Decrypt	24	static
stm32wbxx_hal_cryp.c:2256:26:CRYP_AES_Decrypt_IT	24	static
stm32wbxx_hal_cryp.c:2385:26:CRYP_AES_Decrypt_DMA	24	static
stm32wbxx_hal_cryp.c:2502:13:CRYP_DMAInCplt	24	static
stm32wbxx_hal_cryp.c:2524:13:CRYP_DMAOutCplt	40	static
stm32wbxx_hal_cryp.c:2650:13:CRYP_DMAError	24	static
stm32wbxx_hal_cryp.c:2682:13:CRYP_SetDMAConfig	24	static
stm32wbxx_hal_cryp.c:2743:13:CRYP_AES_ProcessData	40	static
stm32wbxx_hal_cryp.c:2805:13:CRYP_AES_IT	40	static
stm32wbxx_hal_cryp.c:2919:13:CRYP_SetKey	16	static
stm32wbxx_hal_cryp.c:2955:26:CRYP_AESGCM_Process	64	static
stm32wbxx_hal_cryp.c:3158:26:CRYP_AESGCM_Process_IT	40	static
stm32wbxx_hal_cryp.c:3483:26:CRYP_AESGCM_Process_DMA	56	static
stm32wbxx_hal_cryp.c:3698:26:CRYP_AESCCM_Process	64	static
stm32wbxx_hal_cryp.c:3897:26:CRYP_AESCCM_Process_IT	40	static
stm32wbxx_hal_cryp.c:4197:26:CRYP_AESCCM_Process_DMA	56	static
stm32wbxx_hal_cryp.c:4408:13:CRYP_GCMCCM_SetPayloadPhase_IT	56	static
stm32wbxx_hal_cryp.c:4555:26:CRYP_GCMCCM_SetHeaderPhase	56	static
stm32wbxx_hal_cryp.c:4716:26:CRYP_GCMCCM_SetHeaderPhase_DMA	24	static
stm32wbxx_hal_cryp.c:4865:13:CRYP_GCMCCM_SetHeaderPhase_IT	32	static
stm32wbxx_hal_cryp.c:5019:26:CRYP_WaitOnCCFlag	24	static
